Component: ARM Compiler 5.06 update 7 (build 960) Tool: armlink [4d3601]

==============================================================================

Section Cross References

    startup_stm32f407xx.o(STACK) refers (Special) to heapauxi.o(.text) for __use_two_region_memory
    startup_stm32f407xx.o(HEAP) refers (Special) to heapauxi.o(.text) for __use_two_region_memory
    startup_stm32f407xx.o(RESET) refers (Special) to heapauxi.o(.text) for __use_two_region_memory
    startup_stm32f407xx.o(RESET) refers to startup_stm32f407xx.o(STACK) for __initial_sp
    startup_stm32f407xx.o(RESET) refers to startup_stm32f407xx.o(.text) for Reset_Handler
    startup_stm32f407xx.o(RESET) refers to stm32f4xx_it.o(i.NMI_Handler) for NMI_Handler
    startup_stm32f407xx.o(RESET) refers to stm32f4xx_it.o(i.HardFault_Handler) for HardFault_Handler
    startup_stm32f407xx.o(RESET) refers to stm32f4xx_it.o(i.MemManage_Handler) for MemManage_Handler
    startup_stm32f407xx.o(RESET) refers to stm32f4xx_it.o(i.BusFault_Handler) for BusFault_Handler
    startup_stm32f407xx.o(RESET) refers to stm32f4xx_it.o(i.UsageFault_Handler) for UsageFault_Handler
    startup_stm32f407xx.o(RESET) refers to port.o(.emb_text) for SVC_Handler
    startup_stm32f407xx.o(RESET) refers to stm32f4xx_it.o(i.DebugMon_Handler) for DebugMon_Handler
    startup_stm32f407xx.o(RESET) refers to stm32f4xx_it.o(i.SysTick_Handler) for SysTick_Handler
    startup_stm32f407xx.o(RESET) refers to stm32f4xx_it.o(i.DMA1_Stream1_IRQHandler) for DMA1_Stream1_IRQHandler
    startup_stm32f407xx.o(RESET) refers to stm32f4xx_it.o(i.CAN1_RX0_IRQHandler) for CAN1_RX0_IRQHandler
    startup_stm32f407xx.o(RESET) refers to remote_control.o(i.USART3_IRQHandler) for USART3_IRQHandler
    startup_stm32f407xx.o(RESET) refers to stm32f4xx_it.o(i.DMA2_Stream1_IRQHandler) for DMA2_Stream1_IRQHandler
    startup_stm32f407xx.o(RESET) refers to stm32f4xx_it.o(i.DMA2_Stream2_IRQHandler) for DMA2_Stream2_IRQHandler
    startup_stm32f407xx.o(RESET) refers to stm32f4xx_it.o(i.CAN2_RX0_IRQHandler) for CAN2_RX0_IRQHandler
    startup_stm32f407xx.o(RESET) refers to stm32f4xx_it.o(i.DMA2_Stream6_IRQHandler) for DMA2_Stream6_IRQHandler
    startup_stm32f407xx.o(RESET) refers to stm32f4xx_it.o(i.DMA2_Stream7_IRQHandler) for DMA2_Stream7_IRQHandler
    startup_stm32f407xx.o(RESET) refers to referee_usart_task.o(i.USART6_IRQHandler) for USART6_IRQHandler
    startup_stm32f407xx.o(.text) refers (Special) to heapauxi.o(.text) for __use_two_region_memory
    startup_stm32f407xx.o(.text) refers to system_stm32f4xx.o(i.SystemInit) for SystemInit
    startup_stm32f407xx.o(.text) refers to __main.o(!!!main) for __main
    startup_stm32f407xx.o(.text) refers to startup_stm32f407xx.o(HEAP) for Heap_Mem
    startup_stm32f407xx.o(.text) refers to startup_stm32f407xx.o(STACK) for Stack_Mem
    main.o(i.SystemClock_Config) refers to rt_memclr_w.o(.text) for __aeabi_memclr4
    main.o(i.SystemClock_Config) refers to stm32f4xx_hal_rcc.o(i.HAL_RCC_OscConfig) for HAL_RCC_OscConfig
    main.o(i.SystemClock_Config) refers to main.o(i.Error_Handler) for Error_Handler
    main.o(i.SystemClock_Config) refers to stm32f4xx_hal_rcc.o(i.HAL_RCC_ClockConfig) for HAL_RCC_ClockConfig
    main.o(i.main) refers to stm32f4xx_hal.o(i.HAL_Init) for HAL_Init
    main.o(i.main) refers to main.o(i.SystemClock_Config) for SystemClock_Config
    main.o(i.main) refers to gpio.o(i.MX_GPIO_Init) for MX_GPIO_Init
    main.o(i.main) refers to can.o(i.MX_CAN1_Init) for MX_CAN1_Init
    main.o(i.main) refers to i2c.o(i.MX_I2C3_Init) for MX_I2C3_Init
    main.o(i.main) refers to spi.o(i.MX_SPI1_Init) for MX_SPI1_Init
    main.o(i.main) refers to tim.o(i.MX_TIM5_Init) for MX_TIM5_Init
    main.o(i.main) refers to tim.o(i.MX_TIM10_Init) for MX_TIM10_Init
    main.o(i.main) refers to dma.o(i.MX_DMA_Init) for MX_DMA_Init
    main.o(i.main) refers to usart.o(i.MX_USART1_UART_Init) for MX_USART1_UART_Init
    main.o(i.main) refers to usart.o(i.MX_USART3_UART_Init) for MX_USART3_UART_Init
    main.o(i.main) refers to can.o(i.MX_CAN2_Init) for MX_CAN2_Init
    main.o(i.main) refers to usart.o(i.MX_USART6_UART_Init) for MX_USART6_UART_Init
    main.o(i.main) refers to bsp_can.o(i.can_filter_init) for can_filter_init
    main.o(i.main) refers to remote_control.o(i.remote_control_init) for remote_control_init
    main.o(i.main) refers to stm32f4xx_hal_uart.o(i.HAL_UART_Receive_DMA) for HAL_UART_Receive_DMA
    main.o(i.main) refers to freertos.o(i.MX_FREERTOS_Init) for MX_FREERTOS_Init
    main.o(i.main) refers to cmsis_os.o(i.osKernelStart) for osKernelStart
    main.o(i.main) refers to ai_receive.o(.bss) for AI_rxBuffer
    main.o(i.main) refers to usart.o(.bss) for huart1
    gpio.o(i.MX_GPIO_Init) refers to rt_memclr_w.o(.text) for __aeabi_memclr4
    gpio.o(i.MX_GPIO_Init) refers to stm32f4xx_hal_gpio.o(i.HAL_GPIO_WritePin) for HAL_GPIO_WritePin
    gpio.o(i.MX_GPIO_Init) refers to stm32f4xx_hal_gpio.o(i.HAL_GPIO_Init) for HAL_GPIO_Init
[...]
    _dflt                                    0x0800e0ab   Thumb Code    46  dflt_clz.o(x$fpl$dflt)
    __aeabi_ui2d                             0x0800e0d9   Thumb Code     0  dflt_clz.o(x$fpl$dfltu)
    _dfltu                                   0x0800e0d9   Thumb Code    38  dflt_clz.o(x$fpl$dfltu)
    __aeabi_cdcmple                          0x0800e101   Thumb Code     0  dleqf.o(x$fpl$dleqf)
    _dcmple                                  0x0800e101   Thumb Code   120  dleqf.o(x$fpl$dleqf)
    __fpl_dcmple_InfNaN                      0x0800e163   Thumb Code     0  dleqf.o(x$fpl$dleqf)
    __aeabi_dmul                             0x0800e179   Thumb Code     0  dmul.o(x$fpl$dmul)
    _dmul                                    0x0800e179   Thumb Code   332  dmul.o(x$fpl$dmul)
    __fpl_dnaninf                            0x0800e2cd   Thumb Code   156  dnaninf.o(x$fpl$dnaninf)
    __fpl_dretinf                            0x0800e369   Thumb Code    12  dretinf.o(x$fpl$dretinf)
    __aeabi_cdrcmple                         0x0800e375   Thumb Code     0  drleqf.o(x$fpl$drleqf)
    _drcmple                                 0x0800e375   Thumb Code   108  drleqf.o(x$fpl$drleqf)
    __aeabi_drsub                            0x0800e3e1   Thumb Code     0  daddsub_clz.o(x$fpl$drsb)
    _drsb                                    0x0800e3e1   Thumb Code    22  daddsub_clz.o(x$fpl$drsb)
    __aeabi_dsub                             0x0800e3f9   Thumb Code     0  daddsub_clz.o(x$fpl$dsub)
    _dsub                                    0x0800e3f9   Thumb Code   464  daddsub_clz.o(x$fpl$dsub)
    __aeabi_f2d                              0x0800e5cd   Thumb Code     0  f2d.o(x$fpl$f2d)
    _f2d                                     0x0800e5cd   Thumb Code    86  f2d.o(x$fpl$f2d)
    __aeabi_ul2f                             0x0800e623   Thumb Code     0  ffltll_clz.o(x$fpl$ffltll)
    _ll_uto_f                                0x0800e623   Thumb Code     6  ffltll_clz.o(x$fpl$ffltll)
    __aeabi_l2f                              0x0800e629   Thumb Code     0  ffltll_clz.o(x$fpl$ffltll)
    _ll_sto_f                                0x0800e629   Thumb Code    90  ffltll_clz.o(x$fpl$ffltll)
    __fpl_fnaninf                            0x0800e683   Thumb Code   140  fnaninf.o(x$fpl$fnaninf)
    _fp_init                                 0x0800e70f   Thumb Code    10  fpinit.o(x$fpl$fpinit)
    __fplib_config_fpu_vfp                   0x0800e717   Thumb Code     0  fpinit.o(x$fpl$fpinit)
    __fplib_config_pureend_doubles           0x0800e717   Thumb Code     0  fpinit.o(x$fpl$fpinit)
    __fpl_fretinf                            0x0800e719   Thumb Code    10  fretinf.o(x$fpl$fretinf)
    __I$use$fp                               0x0800e722   Number         0  usenofp.o(x$fpl$usenofp)
    AHBPrescTable                            0x0800e7b0   Data          16  system_stm32f4xx.o(.constdata)
    APBPrescTable                            0x0800e7c0   Data           8  system_stm32f4xx.o(.constdata)
    CRC8_INIT                                0x0800e878   Data           1  crc8_crc16.o(.constdata)
    CRC8_table                               0x0800e879   Data         256  crc8_crc16.o(.constdata)
    wCRC_table                               0x0800e97a   Data         512  crc8_crc16.o(.constdata)
    Region$$Table$$Base                      0x0800ee38   Number         0  anon$$obj.o(Region$$Table)
    Region$$Table$$Limit                     0x0800ee58   Number         0  anon$$obj.o(Region$$Table)
    ImuTaskHandle                            0x20000000   Data           4  freertos.o(.data)
    ChassisTaskHandle                        0x20000004   Data           4  freertos.o(.data)
    gimbalTaskHandle                         0x20000008   Data           4  freertos.o(.data)
    shootingTaskHandle                       0x2000000c   Data           4  freertos.o(.data)
    REFEREEHandle                            0x20000010   Data           4  freertos.o(.data)
    DetectHandle                             0x20000014   Data           4  freertos.o(.data)
    SystemCoreClock                          0x2000001c   Data           4  system_stm32f4xx.o(.data)
    need_to_set_initial_motor_angle          0x20000028   Data          36  can_receive.o(.data)
    gyro_temperature                         0x2000006c   Data           4  ins_task.o(.data)
    counter_gyro                             0x20000070   Data           8  ins_task.o(.data)
    bmi088_ist3810_init_flag                 0x20000078   Data           1  ins_task.o(.data)
    gx                                       0x2000007c   Data           4  ins_task.o(.data)
    gy                                       0x20000080   Data           4  ins_task.o(.data)
    gz                                       0x20000084   Data           4  ins_task.o(.data)
    ax                                       0x20000088   Data           4  ins_task.o(.data)
    ay                                       0x2000008c   Data           4  ins_task.o(.data)
    az                                       0x20000090   Data           4  ins_task.o(.data)
    correction_drift_coeff_roll              0x20000094   Data           4  ins_task.o(.data)
    correction_drift_coeff_pitch             0x20000098   Data           4  ins_task.o(.data)
    correction_drift_coeff_yaw               0x2000009c   Data           4  ins_task.o(.data)
    Roll                                     0x200000a0   Data           4  ins_task.o(.data)
    Pitch                                    0x200000a4   Data           4  ins_task.o(.data)
    Yaw                                      0x200000a8   Data           4  ins_task.o(.data)
    Roll_dot                                 0x200000ac   Data           4  ins_task.o(.data)
    Pitch_dot                                0x200000b0   Data           4  ins_task.o(.data)
    Yaw_dot                                  0x200000b4   Data           4  ins_task.o(.data)
    Roll_cos                                 0x200000b8   Data           4  ins_task.o(.data)
    Roll_sin                                 0x200000bc   Data           4  ins_task.o(.data)
    Pitch_cos                                0x200000c0   Data           4  ins_task.o(.data)
    Pitch_sin                                0x200000c4   Data           4  ins_task.o(.data)
    euler_dt                                 0x200000c8   Data           4  ins_task.o(.data)
    flag_init_euler                          0x200000cc   Data           4  ins_task.o(.data)
    dt_std_chassis_ms                        0x200000d4   Data           4  chassis_task.o(.data)
    dt_br_chassis_ms                         0x200000d8   Data           4  chassis_task.o(.data)
    dt_sentry_chassis_ms                     0x200000dc   Data           4  chassis_task.o(.data)
    dt_chassis_ms                            0x200000e0   Data           4  chassis_task.o(.data)
    dt_chassis                               0x200000e4   Data           4  chassis_task.o(.data)
    flag_error_mode                          0x200000e8   Data           1  remote_control.o(.data)
    robot_control_mode                       0x200000e9   Data           1  remote_control.o(.data)
    new_robot_control_mode                   0x200000ea   Data           1  remote_control.o(.data)
    shooting_control_mode                    0x200000f0   Data           1  shooting_task.o(.data)
    shooting_control_mode_prev               0x200000f1   Data           1  shooting_task.o(.data)
    dt_std_shoot_rev_ms                      0x200000f4   Data           4  shooting_task.o(.data)
    dt_br_shoot_rev_ms                       0x200000f8   Data           4  shooting_task.o(.data)
    dt_sentry_shoot_rev_ms                   0x200000fc   Data           4  shooting_task.o(.data)
    dt_shoot_rev_ms                          0x20000100   Data           4  shooting_task.o(.data)
    dt_shoot_rev                             0x20000104   Data           4  shooting_task.o(.data)
    referee_receive_header                   0x20000108   Data           5  referee.o(.data)
    referee_send_header                      0x2000010d   Data           5  referee.o(.data)
    game_result                              0x20000112   Data           1  referee.o(.data)
    field_event                              0x20000113   Data           4  referee.o(.data)
    supply_projectile_action_t               0x20000117   Data           4  referee.o(.data)
    referee_warning_t                        0x2000011b   Data           2  referee.o(.data)
    buff_musk_t                              0x2000011d   Data           1  referee.o(.data)
    robot_energy_t                           0x2000011e   Data           1  referee.o(.data)
    robot_hurt_t                             0x2000011f   Data           1  referee.o(.data)
    shoot_data_t                             0x20000120   Data           7  referee.o(.data)
    bullet_remaining_t                       0x20000127   Data           6  referee.o(.data)
    student_interactive_data_t               0x2000012d   Data           6  referee.o(.data)
    firstRx                                  0x20000136   Data           1  ai_receive.o(.data)
    uwTickFreq                               0x20000138   Data           1  stm32f4xx_hal.o(.data)
    uwTickPrio                               0x2000013c   Data           4  stm32f4xx_hal.o(.data)
    uwTick                                   0x20000140   Data           4  stm32f4xx_hal.o(.data)
    pxCurrentTCB                             0x20000144   Data           4  tasks.o(.data)
    T_gimbal                                 0x20000314   Data           4  gimbal_control.o(.data)
    gimbal_yaw_LQR_K                         0x20000318   Data           8  gimbal_control.o(.data)
    gimbal_pitch_LQR_K                       0x20000320   Data           8  gimbal_control.o(.data)
    standard_gimbal_I_gain                   0x20000328   Data           8  gimbal_control.o(.data)
    current_middle_yaw                       0x20000330   Data           4  gimbal_control.o(.data)
    current_middle_pitch                     0x20000334   Data           4  gimbal_control.o(.data)
    ref_gimbal_yaw                           0x20000338   Data           4  gimbal_control.o(.data)
    ref_gimbal_pitch                         0x2000033c   Data           4  gimbal_control.o(.data)
    cmdYawGimbal                             0x20000340   Data           4  gimbal_control.o(.data)
    cmdPitchGimbal                           0x20000344   Data           4  gimbal_control.o(.data)
    cmdYawGimbal_prev                        0x20000348   Data           4  gimbal_control.o(.data)
    cmdPitchGimbal_prev                      0x2000034c   Data           4  gimbal_control.o(.data)
    saturation_control_signal_yaw_gimbal     0x20000350   Data           4  gimbal_control.o(.data)
    saturation_control_signal_pitch_gimbal   0x20000354   Data           4  gimbal_control.o(.data)
    max_gimbal_pitch_inclination             0x20000358   Data           4  gimbal_control.o(.data)
    gain_torque_to_control_signal_yaw        0x2000035c   Data           4  gimbal_control.o(.data)
    gain_torque_to_control_signal_pitch      0x20000360   Data           4  gimbal_control.o(.data)
    gain_LQR_control_signal_gimbal_yaw       0x20000364   Data           4  gimbal_control.o(.data)
    gain_LQR_control_signal_gimbal_pitch     0x20000368   Data           4  gimbal_control.o(.data)
    gain_mantain_position_yaw                0x2000036c   Data           4  gimbal_control.o(.data)
    gain_mantain_position_pitch              0x20000370   Data           4  gimbal_control.o(.data)
    gain_pitch_goes_down                     0x20000374   Data           4  gimbal_control.o(.data)
    sat_ei_yaw                               0x20000388   Data           4  gimbal_control.o(.data)
    sat_ei_pitch                             0x20000398   Data           4  gimbal_control.o(.data)
    max_exp_yaw_error_gain                   0x2000039c   Data           4  gimbal_control.o(.data)
    max_exp_pitch_error_gain                 0x200003a0   Data           4  gimbal_control.o(.data)
    max_exp_gain_yaw_range                   0x200003a4   Data           4  gimbal_control.o(.data)
    max_exp_gain_pitch_range                 0x200003a8   Data           4  gimbal_control.o(.data)
    middle_angle_exp_yaw                     0x200003ac   Data           4  gimbal_control.o(.data)
    middle_angle_exp_pitch                   0x200003b0   Data           4  gimbal_control.o(.data)
    middle_value_exp_yaw                     0x200003b4   Data           4  gimbal_control.o(.data)
    middle_value_exp_pitch                   0x200003b8   Data           4  gimbal_control.o(.data)
    yaw_angle_where_mantain_position_starts  0x200003bc   Data           4  gimbal_control.o(.data)
    pitch_angle_where_mantain_position_starts 0x200003c0   Data           4  gimbal_control.o(.data)
    length_yaw_gain_increase                 0x200003c4   Data           4  gimbal_control.o(.data)
    length_pitch_gain_increase               0x200003c8   Data           4  gimbal_control.o(.data)
    max_gain_mantain_yaw                     0x200003cc   Data           4  gimbal_control.o(.data)
    max_gain_mantain_pitch                   0x200003d0   Data           4  gimbal_control.o(.data)
    epsilon_yaw                              0x200003d4   Data           4  gimbal_control.o(.data)
    epsilon_pitch                            0x200003d8   Data           4  gimbal_control.o(.data)
    gain_integral_yaw_error                  0x200003dc   Data           4  gimbal_control.o(.data)
    gain_integral_pitch_error                0x200003e0   Data           4  gimbal_control.o(.data)
    range_where_trigger_yaw_integral         0x200003e4   Data           4  gimbal_control.o(.data)
    range_where_trigger_pitch_integral       0x200003e8   Data           4  gimbal_control.o(.data)
    mouse_meters_yaw_rad_ratio               0x200003ec   Data           4  gimbal_control.o(.data)
    mouse_meters_pitch_rad_ratio             0x200003f0   Data           4  gimbal_control.o(.data)
    clock_ms_mouse_gimbal                    0x200003f4   Data           4  gimbal_control.o(.data)
    clock_ms_mouse_gimbal_prev               0x200003f8   Data           4  gimbal_control.o(.data)
    sentry_yaw_freq_scan_environment         0x200003fc   Data           4  gimbal_control.o(.data)
    sentry_pitch_freq_scan_environment       0x20000400   Data           4  gimbal_control.o(.data)
    sentry_yaw_amplitude_scan_environment    0x20000404   Data           4  gimbal_control.o(.data)
    sentry_pitch_amplitude_scan_environment  0x20000408   Data           4  gimbal_control.o(.data)
    zed_x_camera_sx                          0x2000040c   Data           4  gimbal_control.o(.data)
    zed_y_camera_sx                          0x20000410   Data           4  gimbal_control.o(.data)
    zed_z_camera_sx                          0x20000414   Data           4  gimbal_control.o(.data)
    zed_x_camera_sx_prev                     0x20000418   Data           4  gimbal_control.o(.data)
    zed_y_camera_sx_prev                     0x2000041c   Data           4  gimbal_control.o(.data)
    zed_z_camera_sx_prev                     0x20000420   Data           4  gimbal_control.o(.data)
    zed_x                                    0x20000424   Data           4  gimbal_control.o(.data)
    zed_y                                    0x20000428   Data           4  gimbal_control.o(.data)
    zed_z                                    0x2000042c   Data           4  gimbal_control.o(.data)
    d                                        0x20000430   Data           4  gimbal_control.o(.data)
    camera_sx_to_center_zed                  0x20000434   Data           4  gimbal_control.o(.data)
    center_zed_to_center_shooting            0x20000438   Data           4  gimbal_control.o(.data)
    need_to_initialize_gimbal                0x2000043c   Data           4  gimbal_control.o(.data)
    need_to_mantain_gimbal_yaw_position      0x20000440   Data           4  gimbal_control.o(.data)
    need_to_mantain_gimbal_pitch_position    0x20000444   Data           4  gimbal_control.o(.data)
    need_to_mantain_gimbal_yaw_position_prev 0x20000448   Data           4  gimbal_control.o(.data)
    need_to_mantain_gimbal_pitch_position_prev 0x2000044c   Data           4  gimbal_control.o(.data)
    need_to_set_middle_yaw                   0x20000450   Data           4  gimbal_control.o(.data)
    need_to_set_middle_pitch                 0x20000454   Data           4  gimbal_control.o(.data)
    need_to_set_gain_pitch                   0x20000458   Data           4  gimbal_control.o(.data)
    need_to_set_initial_mouse_gimbal_position 0x2000045c   Data           4  gimbal_control.o(.data)
    need_to_set_initial_joystick_gimbal_position 0x20000460   Data           4  gimbal_control.o(.data)
    pitch_is_going_down                      0x20000464   Data           4  gimbal_control.o(.data)
    T_shoot                                  0x20000590   Data           4  shoot_rev_control.o(.data)
    T_rev                                    0x20000594   Data           4  shoot_rev_control.o(.data)
    rev_LQR_K                                0x20000598   Data           8  shoot_rev_control.o(.data)
    rev_I_gain                               0x200005a0   Data           8  shoot_rev_control.o(.data)
    ref_shoot_motors_speed_radsec            0x200005a8   Data           4  shoot_rev_control.o(.data)
    initial_shoot_speed_when_restart         0x200005ac   Data           4  shoot_rev_control.o(.data)
    saturation_control_signal_shoot_L        0x200005b0   Data           4  shoot_rev_control.o(.data)
    saturation_control_signal_shoot_R        0x200005b4   Data           4  shoot_rev_control.o(.data)
    rev_rotation_mode                        0x200005b8   Data           4  shoot_rev_control.o(.data)
    enable_shoot_one_bullet                  0x200005bc   Data           4  shoot_rev_control.o(.data)
    error_threshold_to_shoot_new_sigle_bullet 0x200005c0   Data           4  shoot_rev_control.o(.data)
    error_threshold_to_shoot_new_multiple_bullet 0x200005c4   Data           4  shoot_rev_control.o(.data)
    start_clock_to_prevent_rev_unlock_indefinitely 0x200005c8   Data           4  shoot_rev_control.o(.data)
    shooting_speed_to_shoot_motors_speed_coeff 0x200005cc   Data           4  shoot_rev_control.o(.data)
    gain_control_signal_shoot_L              0x200005d0   Data           4  shoot_rev_control.o(.data)
    gain_control_signal_shoot_R              0x200005d4   Data           4  shoot_rev_control.o(.data)
    gain_LQR_control_signal_rev              0x200005d8   Data           4  shoot_rev_control.o(.data)
    gain_integral_rev_error                  0x200005dc   Data           4  shoot_rev_control.o(.data)
    range_where_trigger_rev_integral         0x200005e0   Data           4  shoot_rev_control.o(.data)
    need_to_initialize_shoot_motor           0x200005e4   Data           4  shoot_rev_control.o(.data)
    need_to_initialize_rev_motor             0x200005e8   Data           4  shoot_rev_control.o(.data)
    allowed_to_shoot_single_bullet           0x200005ec   Data           4  shoot_rev_control.o(.data)
    want_to_shoot_single_bullet              0x200005f0   Data           4  shoot_rev_control.o(.data)
    need_to_unlock_rev_motor                 0x200005f4   Data           4  shoot_rev_control.o(.data)
    need_to_set_unlock_rev_motor_ref         0x200005f8   Data           4  shoot_rev_control.o(.data)
    weight_fwd_key                           0x20000600   Data           4  control_util.o(.data)
    weight_left_key                          0x20000604   Data           4  control_util.o(.data)
    weight_bwd_key                           0x20000608   Data           4  control_util.o(.data)
    weight_right_key                         0x2000060c   Data           4  control_util.o(.data)
    mouse_speed_x                            0x20000610   Data           4  control_util.o(.data)
    mouse_speed_y                            0x20000614   Data           4  control_util.o(.data)
    mouse_speed_x_prev                       0x20000618   Data           4  control_util.o(.data)
    mouse_speed_y_prev                       0x2000061c   Data           4  control_util.o(.data)
    initial_gimbal_yaw_gain                  0x20000620   Data           4  control_util.o(.data)
    initial_gimbal_pitch_gain                0x20000624   Data           4  control_util.o(.data)
    direction_BR_wheels_to_break             0x20000628   Data           4  control_util.o(.data)
    shoot_motors_speed_increased             0x2000062c   Data           4  control_util.o(.data)
    gain_LQR_pitch_increased                 0x20000630   Data           4  control_util.o(.data)
    gain_LQR_yaw_increased                   0x20000634   Data           4  control_util.o(.data)
    mouse_sensibility_pitch_increased        0x20000638   Data           4  control_util.o(.data)
    mouse_sensibility_yaw_increased          0x2000063c   Data           4  control_util.o(.data)
    theta_balance_value_increased            0x20000640   Data           4  control_util.o(.data)
    BMI088_ACCEL_SEN                         0x20000644   Data           4  bmi088driver.o(.data)
    BMI088_GYRO_SEN                          0x20000648   Data           4  bmi088driver.o(.data)
    res_p                                    0x2000064c   Data           1  bmi088driver.o(.data)
    write_reg_num                            0x2000064d   Data           1  bmi088driver.o(.data)
    res_g                                    0x2000064e   Data           1  bmi088driver.o(.data)
    CRC16_INIT                               0x20000674   Data           2  crc8_crc16.o(.data)
    hcan1                                    0x200008cc   Data          40  can.o(.bss)
    hcan2                                    0x200008f4   Data          40  can.o(.bss)
    hi2c3                                    0x2000091c   Data          84  i2c.o(.bss)
    hspi1                                    0x20000970   Data          88  spi.o(.bss)
    htim5                                    0x200009c8   Data          72  tim.o(.bss)
    htim10                                   0x20000a10   Data          72  tim.o(.bss)
    huart1                                   0x20000a58   Data          68  usart.o(.bss)
    huart3                                   0x20000a9c   Data          68  usart.o(.bss)
    huart6                                   0x20000ae0   Data          68  usart.o(.bss)
    hdma_usart1_rx                           0x20000b24   Data          96  usart.o(.bss)
    hdma_usart1_tx                           0x20000b84   Data          96  usart.o(.bss)
    hdma_usart3_rx                           0x20000be4   Data          96  usart.o(.bss)
    hdma_usart6_rx                           0x20000c44   Data          96  usart.o(.bss)
    hdma_usart6_tx                           0x20000ca4   Data          96  usart.o(.bss)
    motors_encoder_initial_offset            0x20000d04   Data          36  can_receive.o(.bss)
    motor_speed_print                        0x20000e24   Data          30  can_receive.o(.bss)
    bmi088_real_data                         0x20000e44   Data          36  ins_task.o(.bss)
    ist8310_real_data                        0x20000e68   Data          16  ins_task.o(.bss)
    INS_angle_counter                        0x20000ec0   Data          12  ins_task.o(.bss)
    ins_correct_angle                        0x20000ecc   Data          12  ins_task.o(.bss)
    angle_print_x                            0x20000ef0   Data          30  ins_task.o(.bss)
    angle_print_y                            0x20000f0e   Data          30  ins_task.o(.bss)
    angle_print_z                            0x20000f2c   Data          30  ins_task.o(.bss)
    accel_print_x                            0x20000f4a   Data          30  ins_task.o(.bss)
    accel_print_y                            0x20000f68   Data          30  ins_task.o(.bss)
    accel_print_z                            0x20000f86   Data          30  ins_task.o(.bss)
    gyro_temperature_print                   0x20000fa4   Data          30  ins_task.o(.bss)
    counter_gyro_print                       0x20000fc2   Data          30  ins_task.o(.bss)
    raw_angles                               0x20000fe0   Data          12  ins_task.o(.bss)
    raw_angles_prev                          0x20000fec   Data          12  ins_task.o(.bss)
    usart1_print_rc_ctrl                     0x20000ff8   Data          15  remote_control.o(.bss)
    rc_ctrl                                  0x20001007   Data          22  remote_control.o(.bss)
    rc_ctrl_old                              0x2000101d   Data          22  remote_control.o(.bss)
    game_state                               0x2000108f   Data          11  referee.o(.bss)
    game_robot_HP_t                          0x2000109a   Data          32  referee.o(.bss)
    robot_state                              0x200010ba   Data          27  referee.o(.bss)
    power_heat_data_t                        0x200010d5   Data          16  referee.o(.bss)
    game_robot_pos_t                         0x200010e5   Data          16  referee.o(.bss)
    usart6_buf                               0x200010f8   Data        1024  referee_usart_task.o(.bss)
    referee_fifo                             0x200014f8   Data          24  referee_usart_task.o(.bss)
    referee_fifo_buf                         0x20001510   Data        1024  referee_usart_task.o(.bss)
    referee_unpack_obj                       0x20001910   Data         137  referee_usart_task.o(.bss)
    error_list                               0x20001999   Data         168  detect_task.o(.bss)
    AI_rxBuffer                              0x20001a44   Data          13  ai_receive.o(.bss)
    AI_ref                                   0x20001a54   Data          12  ai_receive.o(.bss)
    br_chassis                               0x20005db8   Data         436  br_chassis_control.o(.bss)
    standard_gimbal                          0x200081ec   Data         128  gimbal_control.o(.bss)
    shoot_motors                             0x2000b19c   Data         128  shoot_rev_control.o(.bss)
    rev_motor                                0x2000b21c   Data          60  shoot_rev_control.o(.bss)
    shoot_P_gain                             0x2000b258   Data          16  shoot_rev_control.o(.bss)
    shoot_I_gain                             0x2000b268   Data          16  shoot_rev_control.o(.bss)
    __libspace_start                         0x2000b278   Data          96  libspace.o(.bss)
    __temporary_stack_top$libspace           0x2000b2d8   Data           0  libspace.o(.bss)



==============================================================================

Memory Map of the image

  Image Entry point : 0x08000189

  Load Region LR_IROM1 (Base: 0x08000000, Size: 0x0000f4d0, Max: 0x00100000, ABSOLUTE, COMPRESSED[0x0000f090])

    Execution Region ER_IROM1 (Exec base: 0x08000000, Load base: 0x08000000, Size: 0x0000ee58, Max: 0x00100000, ABSOLUTE)

    Exec Addr    Load Addr    Size         Type   Attr      Idx    E Section Name        Object

    0x08000000   0x08000000   0x00000188   Data   RO            3    RESET               startup_stm32f407xx.o
    0x08000188   0x08000188   0x00000008   Code   RO         8444  * !!!main             c_w.l(__main.o)
    0x08000190   0x08000190   0x00000034   Code   RO         8935    !!!scatter          c_w.l(__scatter.o)
    0x080001c4   0x080001c4   0x0000005a   Code   RO         8933    !!dczerorl2         c_w.l(__dczerorl2.o)
    0x0800021e   0x0800021e   0x00000002   PAD
    0x08000220   0x08000220   0x0000001c   Code   RO         8937    !!handler_zi        c_w.l(__scatter_zi.o)
    0x0800023c   0x0800023c   0x00000002   Code   RO         8866    .ARM.Collect$$libinit$$00000000  c_w.l(libinit.o)
    0x0800023e   0x0800023e   0x00000004   Code   RO         8674    .ARM.Collect$$libinit$$00000001  c_w.l(libinit2.o)
    0x08000242   0x08000242   0x00000000   Code   RO         8677    .ARM.Collect$$libinit$$00000004  c_w.l(libinit2.o)
    0x08000242   0x08000242   0x00000008   Code   RO         8678    .ARM.Collect$$libinit$$00000005  c_w.l(libinit2.o)
    0x0800024a   0x0800024a   0x00000000   Code   RO         8680    .ARM.Collect$$libinit$$0000000A  c_w.l(libinit2.o)
    0x0800024a   0x0800024a   0x00000000   Code   RO         8682    .ARM.Collect$$libinit$$0000000C  c_w.l(libinit2.o)
    0x0800024a   0x0800024a   0x00000000   Code   RO         8684    .ARM.Collect$$libinit$$0000000E  c_w.l(libinit2.o)
    0x0800024a   0x0800024a   0x00000000   Code   RO         8687    .ARM.Collect$$libinit$$00000011  c_w.l(libinit2.o)
    0x0800024a   0x0800024a   0x00000000   Code   RO         8689    .ARM.Collect$$libinit$$00000013  c_w.l(libinit2.o)
    0x0800024a   0x0800024a   0x00000000   Code   RO         8691    .ARM.Collect$$libinit$$00000015  c_w.l(libinit2.o)
    0x0800024a   0x0800024a   0x00000000   Code   RO         8693    .ARM.Collect$$libinit$$00000017  c_w.l(libinit2.o)
    0x0800024a   0x0800024a   0x00000000   Code   RO         8695    .ARM.Collect$$libinit$$00000019  c_w.l(libinit2.o)
    0x0800024a   0x0800024a   0x00000000   Code   RO         8697    .ARM.Collect$$libinit$$0000001B  c_w.l(libinit2.o)
    0x0800024a   0x0800024a   0x00000000   Code   RO         8699    .ARM.Collect$$libinit$$0000001D  c_w.l(libinit2.o)
    0x0800024a   0x0800024a   0x00000000   Code   RO         8701    .ARM.Collect$$libinit$$0000001F  c_w.l(libinit2.o)
    0x0800024a   0x0800024a   0x00000000   Code   RO         8703    .ARM.Collect$$libinit$$00000021  c_w.l(libinit2.o)
    0x0800024a   0x0800024a   0x00000000   Code   RO         8705    .ARM.Collect$$libinit$$00000023  c_w.l(libinit2.o)
    0x0800024a   0x0800024a   0x00000000   Code   RO         8707    .ARM.Collect$$libinit$$00000025  c_w.l(libinit2.o)
    0x0800024a   0x0800024a   0x00000000   Code   RO         8711    .ARM.Collect$$libinit$$0000002C  c_w.l(libinit2.o)
    0x0800024a   0x0800024a   0x00000000   Code   RO         8713    .ARM.Collect$$libinit$$0000002E  c_w.l(libinit2.o)
    0x0800024a   0x0800024a   0x00000000   Code   RO         8715    .ARM.Collect$$libinit$$00000030  c_w.l(libinit2.o)
    0x0800024a   0x0800024a   0x00000000   Code   RO         8717    .ARM.Collect$$libinit$$00000032  c_w.l(libinit2.o)
    0x0800024a   0x0800024a   0x00000002   Code   RO         8718    .ARM.Collect$$libinit$$00000033  c_w.l(libinit2.o)
    0x0800024c   0x0800024c   0x00000002   Code   RO         8930    .ARM.Collect$$libshutdown$$00000000  c_w.l(libshutdown.o)
    0x0800024e   0x0800024e   0x00000000   Code   RO         8884    .ARM.Collect$$libshutdown$$00000002  c_w.l(libshutdown2.o)
    0x0800024e   0x0800024e   0x00000000   Code   RO         8886    .ARM.Collect$$libshutdown$$00000004  c_w.l(libshutdown2.o)
    0x0800024e   0x0800024e   0x00000000   Code   RO         8888    .ARM.Collect$$libshutdown$$00000006  c_w.l(libshutdown2.o)
    0x0800024e   0x0800024e   0x00000000   Code   RO         8891    .ARM.Collect$$libshutdown$$00000009  c_w.l(libshutdown2.o)
    0x0800024e   0x0800024e   0x00000000   Code   RO         8894    .ARM.Collect$$libshutdown$$0000000C  c_w.l(libshutdown2.o)
    0x0800024e   0x0800024e   0x00000000   Code   RO         8896    .ARM.Collect$$libshutdown$$0000000E  c_w.l(libshutdown2.o)
    0x0800024e   0x0800024e   0x00000000   Code   RO         8899    .ARM.Collect$$libshutdown$$00000011  c_w.l(libshutdown2.o)
    0x0800024e   0x0800024e   0x00000002   Code   RO         8900    .ARM.Collect$$libshutdown$$00000012  c_w.l(libshutdown2.o)
    0x08000250   0x08000250   0x00000000   Code   RO         8640    .ARM.Collect$$rtentry$$00000000  c_w.l(__rtentry.o)
    0x08000250   0x08000250   0x00000000   Code   RO         8796    .ARM.Collect$$rtentry$$00000002  c_w.l(__rtentry2.o)
    0x08000250   0x08000250   0x00000006   Code   RO         8808    .ARM.Collect$$rtentry$$00000004  c_w.l(__rtentry4.o)
    0x08000256   0x08000256   0x00000000   Code   RO         8798    .ARM.Collect$$rtentry$$00000009  c_w.l(__rtentry2.o)
    0x08000256   0x08000256   0x00000004   Code   RO         8799    .ARM.Collect$$rtentry$$0000000A  c_w.l(__rtentry2.o)
    0x0800025a   0x0800025a   0x00000000   Code   RO         8801    .ARM.Collect$$rtentry$$0000000C  c_w.l(__rtentry2.o)
    0x0800025a   0x0800025a   0x00000008   Code   RO         8802    .ARM.Collect$$rtentry$$0000000D  c_w.l(__rtentry2.o)
    0x08000262   0x08000262   0x00000002   Code   RO         8871    .ARM.Collect$$rtexit$$00000000  c_w.l(rtexit.o)
    0x08000264   0x08000264   0x00000000   Code   RO         8906    .ARM.Collect$$rtexit$$00000002  c_w.l(rtexit2.o)
    0x08000264   0x08000264   0x00000004   Code   RO         8907    .ARM.Collect$$rtexit$$00000003  c_w.l(rtexit2.o)
    0x08000268   0x08000268   0x00000006   Code   RO         8908    .ARM.Collect$$rtexit$$00000004  c_w.l(rtexit2.o)
    0x0800026e   0x0800026e   0x00000002   PAD
    0x08000270   0x08000270   0x000000be   Code   RO         6729    .emb_text           port.o
    0x0800032e   0x0800032e   0x00000002   PAD
    0x08000330   0x08000330   0x00000000   Code   RO         8819    .emb_text           c_w.l(maybetermalloc1.o)
    0x08000330   0x08000330   0x00000040   Code   RO            4    .text               startup_stm32f407xx.o
    0x08000370   0x08000370   0x0000005e   Code   RO         8367    .text               c_w.l(h1_alloc.o)
    0x080003ce   0x080003ce   0x0000004e   Code   RO         8369    .text               c_w.l(h1_free.o)
    0x0800041c   0x0800041c   0x000000ee   Code   RO         8425    .text               c_w.l(lludivv7m.o)
    0x0800050a   0x0800050a   0x0000008a   Code   RO         8432    .text               c_w.l(rt_memcpy_v6.o)
    0x08000594   0x08000594   0x00000064   Code   RO         8434    .text               c_w.l(rt_memcpy_w.o)
    0x080005f8   0x080005f8   0x00000044   Code   RO         8438    .text               c_w.l(rt_memclr.o)
    0x0800063c   0x0800063c   0x0000004e   Code   RO         8440    .text               c_w.l(rt_memclr_w.o)
    0x0800068a   0x0800068a   0x00000006   Code   RO         8442    .text               c_w.l(heapauxi.o)
    0x08000690   0x08000690   0x00000008   Code   RO         8648    .text               c_w.l(rt_heap_descriptor_intlibspace.o)
    0x08000698   0x08000698   0x00000004   Code   RO         8650    .text               c_w.l(hguard.o)
    0x0800069c   0x0800069c   0x0000008a   Code   RO         8652    .text               c_w.l(init_alloc.o)
    0x08000726   0x08000726   0x0000000e   Code   RO         8656    .text               c_w.l(h1_init.o)
    0x08000734   0x08000734   0x00000016   Code   RO         8670    .text               c_w.l(_rserrno.o)
    0x0800074a   0x0800074a   0x00000002   PAD
    0x0800074c   0x0800074c   0x00000008   Code   RO         8792    .text               c_w.l(libspace.o)
    0x08000754   0x08000754   0x00000008   Code   RO         8815    .text               c_w.l(rt_errno_addr_intlibspace.o)
    0x0800075c   0x0800075c   0x00000034   Code   RO         8821    .text               c_w.l(h1_extend.o)
    0x08000790   0x08000790   0x0000000e   Code   RO         8825    .text               c_w.l(defsig_rtmem_outer.o)
    0x0800079e   0x0800079e   0x00000002   Code   RO         8838    .text               c_w.l(use_no_semi.o)
    0x080007a0   0x080007a0   0x00000000   Code   RO         8840    .text               c_w.l(indicate_semi.o)
    0x080007a0   0x080007a0   0x0000004a   Code   RO         8841    .text               c_w.l(sys_stackheap_outer.o)
    0x080007ea   0x080007ea   0x00000012   Code   RO         8847    .text               c_w.l(exit.o)
    0x080007fc   0x080007fc   0x0000000a   Code   RO         8849    .text               c_w.l(defsig_exit.o)
    0x08000806   0x08000806   0x00000002   PAD
    0x08000808   0x08000808   0x00000050   Code   RO         8855    .text               c_w.l(defsig_rtmem_inner.o)
    0x08000858   0x08000858   0x0000000c   Code   RO         8869    .text               c_w.l(sys_exit.o)
    0x08000864   0x08000864   0x00000032   Code   RO         8879    .text               c_w.l(defsig_general.o)
    0x08000896   0x08000896   0x0000000e   Code   RO         8903    .text               c_w.l(sys_wrch.o)
    0x080008a4   0x080008a4   0x0000002c   Code   RO         1860    i.AI_receive_init   ai_receive.o
    0x080008d0   0x080008d0   0x00000014   Code   RO         7865    i.BMI088_ACCEL_NS_H  bmi088middleware.o
    0x080008e4   0x080008e4   0x00000014   Code   RO         7866    i.BMI088_ACCEL_NS_L  bmi088middleware.o
    0x080008f8   0x080008f8   0x00000002   Code   RO         7867    i.BMI088_GPIO_init  bmi088middleware.o
    0x080008fa   0x080008fa   0x00000002   PAD
    0x080008fc   0x080008fc   0x00000014   Code   RO         7868    i.BMI088_GYRO_NS_H  bmi088middleware.o
    0x08000910   0x08000910   0x00000014   Code   RO         7869    i.BMI088_GYRO_NS_L  bmi088middleware.o
    0x08000924   0x08000924   0x00000002   Code   RO         7870    i.BMI088_com_init   bmi088middleware.o
    0x08000926   0x08000926   0x0000000c   Code   RO         7871    i.BMI088_delay_ms   bmi088middleware.o
    0x08000932   0x08000932   0x0000000c   Code   RO         7872    i.BMI088_delay_us   bmi088middleware.o
    0x0800093e   0x0800093e   0x0000001c   Code   RO         7796    i.BMI088_init       bmi088driver.o
    0x0800095a   0x0800095a   0x00000002   PAD
    0x0800095c   0x0800095c   0x0000017c   Code   RO         7797    i.BMI088_read       bmi088driver.o
    0x08000ad8   0x08000ad8   0x00000026   Code   RO         7798    i.BMI088_read_muli_reg  bmi088driver.o
    0x08000afe   0x08000afe   0x00000018   Code   RO         7799    i.BMI088_read_single_reg  bmi088driver.o
    0x08000b16   0x08000b16   0x00000002   PAD
    0x08000b18   0x08000b18   0x00000020   Code   RO         7873    i.BMI088_read_write_byte  bmi088middleware.o
    0x08000b38   0x08000b38   0x00000014   Code   RO         7800    i.BMI088_write_single_reg  bmi088driver.o
    0x08000b4c   0x08000b4c   0x00000004   Code   RO          643    i.BusFault_Handler  stm32f4xx_it.o
    0x08000b50   0x08000b50   0x00000010   Code   RO          644    i.CAN1_RX0_IRQHandler  stm32f4xx_it.o
    0x08000b60   0x08000b60   0x00000010   Code   RO          645    i.CAN2_RX0_IRQHandler  stm32f4xx_it.o
    0x08000b70   0x08000b70   0x00000050   Code   RO         1110    i.CAN_cmd_chassis   can_receive.o
    0x08000bc0   0x08000bc0   0x0000004c   Code   RO         1112    i.CAN_cmd_gimbal    can_receive.o
    0x08000c0c   0x08000c0c   0x00000050   Code   RO         1113    i.CAN_cmd_shoot     can_receive.o
    0x08000c5c   0x08000c5c   0x00000010   Code   RO          646    i.DMA1_Stream1_IRQHandler  stm32f4xx_it.o
    0x08000c6c   0x08000c6c   0x00000010   Code   RO          647    i.DMA2_Stream1_IRQHandler  stm32f4xx_it.o
    0x08000c7c   0x08000c7c   0x00000010   Code   RO          648    i.DMA2_Stream2_IRQHandler  stm32f4xx_it.o
    0x08000c8c   0x08000c8c   0x00000010   Code   RO          649    i.DMA2_Stream6_IRQHandler  stm32f4xx_it.o
    0x08000c9c   0x08000c9c   0x00000010   Code   RO          650    i.DMA2_Stream7_IRQHandler  stm32f4xx_it.o
    0x08000cac   0x08000cac   0x00000034   Code   RO         2672    i.DMA_CalcBaseAndBitshift  stm32f4xx_hal_dma.o
    0x08000ce0   0x08000ce0   0x0000007e   Code   RO         2673    i.DMA_CheckFifoParam  stm32f4xx_hal_dma.o
    0x08000d5e   0x08000d5e   0x00000038   Code   RO         2674    i.DMA_SetConfig     stm32f4xx_hal_dma.o
    0x08000d96   0x08000d96   0x00000002   Code   RO          651    i.DebugMon_Handler  stm32f4xx_it.o
    0x08000d98   0x08000d98   0x00000002   Code   RO           13    i.Error_Handler     main.o
    0x08000d9a   0x08000d9a   0x00000012   Code   RO         6891    i.FusionAhrsGetQuaternion  fusionahrs.o
    0x08000dac   0x08000dac   0x00000020   Code   RO         6892    i.FusionAhrsInitialise  fusionahrs.o
    0x08000dcc   0x08000dcc   0x00000084   Code   RO         6893    i.FusionAhrsReset   fusionahrs.o
    0x08000e50   0x08000e50   0x000000d0   Code   RO         6894    i.FusionAhrsSetHeading  fusionahrs.o
    0x08000f20   0x08000f20   0x000000d8   Code   RO         6895    i.FusionAhrsSetSettings  fusionahrs.o
    0x08000ff8   0x08000ff8   0x000005c2   Code   RO         6896    i.FusionAhrsUpdate  fusionahrs.o
    0x080015ba   0x080015ba   0x00000002   PAD
    0x080015bc   0x080015bc   0x00000070   Code   RO         6898    i.FusionAhrsUpdateNoMagnetometer  fusionahrs.o
    0x0800162c   0x0800162c   0x0000015e   Code   RO         1310    i.FusionCalibrationInertial  ins_task.o
    0x0800178a   0x0800178a   0x00000002   PAD
    0x0800178c   0x0800178c   0x000000c4   Code   RO         7033    i.FusionCompassCalculateHeading  fusioncompass.o
    0x08001850   0x08001850   0x00000014   Code   RO         6899    i.FusionDegreesToRadians  fusionahrs.o
    0x08001864   0x08001864   0x00000048   Code   RO         6900    i.FusionFastInverseSqrt  fusionahrs.o
    0x080018ac   0x080018ac   0x000001f8   Code   RO         7059    i.FusionOffsetUpdate  fusionoffset.o
    0x08001aa4   0x08001aa4   0x000000ea   Code   RO         6901    i.FusionQuaternionMultiply  fusionahrs.o
    0x08001b8e   0x08001b8e   0x000000e8   Code   RO         1311    i.FusionQuaternionToEuler  ins_task.o
    0x08001c76   0x08001c76   0x00000002   PAD
    0x08001c78   0x08001c78   0x00000014   Code   RO         1312    i.FusionRadiansToDegrees  ins_task.o
    0x08001c8c   0x08001c8c   0x00000046   Code   RO         6903    i.FusionVectorAdd   fusionahrs.o
    0x08001cd2   0x08001cd2   0x0000006a   Code   RO         6904    i.FusionVectorCrossProduct  fusionahrs.o
    0x08001d3c   0x08001d3c   0x0000006a   Code   RO         7034    i.FusionVectorCrossProduct  fusioncompass.o
    0x08001da6   0x08001da6   0x00000038   Code   RO         6905    i.FusionVectorIsZero  fusionahrs.o
    0x08001dde   0x08001dde   0x00000076   Code   RO         6907    i.FusionVectorMagnitudeSquared  fusionahrs.o
    0x08001e54   0x08001e54   0x0000003a   Code   RO         6908    i.FusionVectorMultiplyScalar  fusionahrs.o
    0x08001e8e   0x08001e8e   0x0000005c   Code   RO         6909    i.FusionVectorNormalise  fusionahrs.o
    0x08001eea   0x08001eea   0x00000002   PAD
    0x08001eec   0x08001eec   0x0000011c   Code   RO         7035    i.FusionVectorNormalise  fusioncompass.o
    0x08002008   0x08002008   0x00000024   Code   RO         1935    i.HAL_CAN_ActivateNotification  stm32f4xx_hal_can.o
    0x0800202c   0x0800202c   0x00000104   Code   RO         1936    i.HAL_CAN_AddTxMessage  stm32f4xx_hal_can.o
    0x08002130   0x08002130   0x00000128   Code   RO         1937    i.HAL_CAN_ConfigFilter  stm32f4xx_hal_can.o
    0x08002258   0x08002258   0x00000002   Code   RO         1940    i.HAL_CAN_ErrorCallback  stm32f4xx_hal_can.o
    0x0800225a   0x0800225a   0x0000016c   Code   RO         1943    i.HAL_CAN_GetRxMessage  stm32f4xx_hal_can.o
    0x080023c6   0x080023c6   0x00000234   Code   RO         1947    i.HAL_CAN_IRQHandler  stm32f4xx_hal_can.o
    0x080025fa   0x080025fa   0x00000168   Code   RO         1948    i.HAL_CAN_Init      stm32f4xx_hal_can.o
    0x08002762   0x08002762   0x00000002   PAD
    0x08002764   0x08002764   0x00000160   Code   RO          367    i.HAL_CAN_MspInit   can.o
    0x080028c4   0x080028c4   0x00000002   Code   RO         1955    i.HAL_CAN_RxFifo0FullCallback  stm32f4xx_hal_can.o
    0x080028c6   0x080028c6   0x00000002   PAD
    0x080028c8   0x080028c8   0x0000008c   Code   RO         1114    i.HAL_CAN_RxFifo0MsgPendingCallback  can_receive.o
    0x08002954   0x08002954   0x00000002   Code   RO         1957    i.HAL_CAN_RxFifo1FullCallback  stm32f4xx_hal_can.o
    0x08002956   0x08002956   0x00000002   Code   RO         1958    i.HAL_CAN_RxFifo1MsgPendingCallback  stm32f4xx_hal_can.o
    0x08002958   0x08002958   0x00000002   Code   RO         1959    i.HAL_CAN_SleepCallback  stm32f4xx_hal_can.o
    0x0800295a   0x0800295a   0x00000064   Code   RO         1960    i.HAL_CAN_Start     stm32f4xx_hal_can.o
    0x080029be   0x080029be   0x00000002   Code   RO         1962    i.HAL_CAN_TxMailbox0AbortCallback  stm32f4xx_hal_can.o
    0x080029c0   0x080029c0   0x00000002   Code   RO         1963    i.HAL_CAN_TxMailbox0CompleteCallback  stm32f4xx_hal_can.o
    0x080029c2   0x080029c2   0x00000002   Code   RO         1964    i.HAL_CAN_TxMailbox1AbortCallback  stm32f4xx_hal_can.o
    0x080029c4   0x080029c4   0x00000002   Code   RO         1965    i.HAL_CAN_TxMailbox1CompleteCallback  stm32f4xx_hal_can.o
    0x080029c6   0x080029c6   0x00000002   Code   RO         1966    i.HAL_CAN_TxMailbox2AbortCallback  stm32f4xx_hal_can.o
    0x080029c8   0x080029c8   0x00000002   Code   RO         1967    i.HAL_CAN_TxMailbox2CompleteCallback  stm32f4xx_hal_can.o
    0x080029ca   0x080029ca   0x00000002   Code   RO         1969    i.HAL_CAN_WakeUpFromRxMsgCallback  stm32f4xx_hal_can.o
    0x080029cc   0x080029cc   0x000001ec   Code   RO         2680    i.HAL_DMA_IRQHandler  stm32f4xx_hal_dma.o
    0x08002bb8   0x08002bb8   0x000000ec   Code   RO         2681    i.HAL_DMA_Init      stm32f4xx_hal_dma.o
    0x08002ca4   0x08002ca4   0x00000070   Code   RO         2685    i.HAL_DMA_Start_IT  stm32f4xx_hal_dma.o
    0x08002d14   0x08002d14   0x00000230   Code   RO         2568    i.HAL_GPIO_Init     stm32f4xx_hal_gpio.o
    0x08002f44   0x08002f44   0x0000000e   Code   RO         2572    i.HAL_GPIO_WritePin  stm32f4xx_hal_gpio.o
    0x08002f52   0x08002f52   0x00000002   PAD
    0x08002f54   0x08002f54   0x0000000c   Code   RO         3095    i.HAL_GetTick       stm32f4xx_hal.o
    0x08002f60   0x08002f60   0x000001ac   Code   RO         3351    i.HAL_I2C_Init      stm32f4xx_hal_i2c.o
    0x0800310c   0x0800310c   0x000002c0   Code   RO         3369    i.HAL_I2C_Mem_Read  stm32f4xx_hal_i2c.o
    0x080033cc   0x080033cc   0x00000174   Code   RO         3372    i.HAL_I2C_Mem_Write  stm32f4xx_hal_i2c.o
    0x08003540   0x08003540   0x000000c8   Code   RO          440    i.HAL_I2C_MspInit   i2c.o
    0x08003608   0x08003608   0x00000010   Code   RO         3101    i.HAL_IncTick       stm32f4xx_hal.o
    0x08003618   0x08003618   0x00000034   Code   RO         3102    i.HAL_Init          stm32f4xx_hal.o
    0x0800364c   0x0800364c   0x00000044   Code   RO         3103    i.HAL_InitTick      stm32f4xx_hal.o
    0x08003690   0x08003690   0x00000054   Code   RO          749    i.HAL_MspInit       stm32f4xx_hal_msp.o
    0x080036e4   0x080036e4   0x00000024   Code   RO         2956    i.HAL_NVIC_DisableIRQ  stm32f4xx_hal_cortex.o
    0x08003708   0x08003708   0x0000001c   Code   RO         2957    i.HAL_NVIC_EnableIRQ  stm32f4xx_hal_cortex.o
    0x08003724   0x08003724   0x00000068   Code   RO         2963    i.HAL_NVIC_SetPriority  stm32f4xx_hal_cortex.o
    0x0800378c   0x0800378c   0x00000024   Code   RO         2964    i.HAL_NVIC_SetPriorityGrouping  stm32f4xx_hal_cortex.o
    0x080037b0   0x080037b0   0x0000017c   Code   RO         2169    i.HAL_RCC_ClockConfig  stm32f4xx_hal_rcc.o
    0x0800392c   0x0800392c   0x0000000c   Code   RO         2174    i.HAL_RCC_GetHCLKFreq  stm32f4xx_hal_rcc.o
    0x08003938   0x08003938   0x00000020   Code   RO         2176    i.HAL_RCC_GetPCLK1Freq  stm32f4xx_hal_rcc.o
    0x08003958   0x08003958   0x00000020   Code   RO         2177    i.HAL_RCC_GetPCLK2Freq  stm32f4xx_hal_rcc.o
    0x08003978   0x08003978   0x00000070   Code   RO         2178    i.HAL_RCC_GetSysClockFreq  stm32f4xx_hal_rcc.o
    0x080039e8   0x080039e8   0x00000482   Code   RO         2181    i.HAL_RCC_OscConfig  stm32f4xx_hal_rcc.o
    0x08003e6a   0x08003e6a   0x000000be   Code   RO         3841    i.HAL_SPI_Init      stm32f4xx_hal_spi.o
    0x08003f28   0x08003f28   0x000000c4   Code   RO          482    i.HAL_SPI_MspInit   spi.o
    0x08003fec   0x08003fec   0x000001f8   Code   RO         3850    i.HAL_SPI_TransmitReceive  stm32f4xx_hal_spi.o
    0x080041e4   0x080041e4   0x00000028   Code   RO         2968    i.HAL_SYSTICK_Config  stm32f4xx_hal_cortex.o
    0x0800420c   0x0800420c   0x0000009a   Code   RO         4888    i.HAL_TIMEx_MasterConfigSynchronization  stm32f4xx_hal_tim_ex.o
    0x080042a6   0x080042a6   0x0000005c   Code   RO         4154    i.HAL_TIM_Base_Init  stm32f4xx_hal_tim.o
    0x08004302   0x08004302   0x00000002   PAD
    0x08004304   0x08004304   0x00000034   Code   RO          524    i.HAL_TIM_Base_MspInit  tim.o
    0x08004338   0x08004338   0x000000b0   Code   RO          525    i.HAL_TIM_MspPostInit  tim.o
    0x080043e8   0x080043e8   0x000000d8   Code   RO         4226    i.HAL_TIM_PWM_ConfigChannel  stm32f4xx_hal_tim.o
    0x080044c0   0x080044c0   0x0000005c   Code   RO         4229    i.HAL_TIM_PWM_Init  stm32f4xx_hal_tim.o
    0x0800451c   0x0800451c   0x00000034   Code   RO          527    i.HAL_TIM_PWM_MspInit  tim.o
    0x08004550   0x08004550   0x00000002   Code   RO         5147    i.HAL_UARTEx_RxEventCallback  stm32f4xx_hal_uart.o
    0x08004552   0x08004552   0x00000002   Code   RO         5161    i.HAL_UART_ErrorCallback  stm32f4xx_hal_uart.o
    0x08004554   0x08004554   0x00000064   Code   RO         5165    i.HAL_UART_Init     stm32f4xx_hal_uart.o
    0x080045b8   0x080045b8   0x00000338   Code   RO          590    i.HAL_UART_MspInit  usart.o
    0x080048f0   0x080048f0   0x0000002e   Code   RO         5169    i.HAL_UART_Receive_DMA  stm32f4xx_hal_uart.o
    0x0800491e   0x0800491e   0x00000002   PAD
    0x08004920   0x08004920   0x00000074   Code   RO         1861    i.HAL_UART_RxCpltCallback  ai_receive.o
    0x08004994   0x08004994   0x00000002   Code   RO         5172    i.HAL_UART_RxHalfCpltCallback  stm32f4xx_hal_uart.o
    0x08004996   0x08004996   0x000000ca   Code   RO         5173    i.HAL_UART_Transmit  stm32f4xx_hal_uart.o
    0x08004a60   0x08004a60   0x000000a0   Code   RO         5174    i.HAL_UART_Transmit_DMA  stm32f4xx_hal_uart.o
    0x08004b00   0x08004b00   0x00000002   Code   RO         5176    i.HAL_UART_TxCpltCallback  stm32f4xx_hal_uart.o
    0x08004b02   0x08004b02   0x00000002   Code   RO         5177    i.HAL_UART_TxHalfCpltCallback  stm32f4xx_hal_uart.o
    0x08004b04   0x08004b04   0x00000004   Code   RO          652    i.HardFault_Handler  stm32f4xx_it.o
    0x08004b08   0x08004b08   0x00000032   Code   RO         3394    i.I2C_IsAcknowledgeFailed  stm32f4xx_hal_i2c.o
    0x08004b3a   0x08004b3a   0x00000002   PAD
    0x08004b3c   0x08004b3c   0x00000154   Code   RO         3405    i.I2C_RequestMemoryRead  stm32f4xx_hal_i2c.o
    0x08004c90   0x08004c90   0x000000d0   Code   RO         3406    i.I2C_RequestMemoryWrite  stm32f4xx_hal_i2c.o
    0x08004d60   0x08004d60   0x0000005c   Code   RO         3414    i.I2C_WaitOnBTFFlagUntilTimeout  stm32f4xx_hal_i2c.o
    0x08004dbc   0x08004dbc   0x000000b4   Code   RO         3415    i.I2C_WaitOnFlagUntilTimeout  stm32f4xx_hal_i2c.o
    0x08004e70   0x08004e70   0x000000ce   Code   RO         3416    i.I2C_WaitOnMasterAddressFlagUntilTimeout  stm32f4xx_hal_i2c.o
    0x08004f3e   0x08004f3e   0x0000007c   Code   RO         3417    i.I2C_WaitOnRXNEFlagUntilTimeout  stm32f4xx_hal_i2c.o
    0x08004fba   0x08004fba   0x0000005c   Code   RO         3420    i.I2C_WaitOnTXEFlagUntilTimeout  stm32f4xx_hal_i2c.o
    0x08005016   0x08005016   0x00000002   PAD
    0x08005018   0x08005018   0x00000738   Code   RO         1313    i.INS_task          ins_task.o
    0x08005750   0x08005750   0x00000088   Code   RO         7344    i.LQR_control       control_alg.o
    0x080057d8   0x080057d8   0x0000041c   Code   RO         7345    i.LQR_controller    control_alg.o
    0x08005bf4   0x08005bf4   0x00000064   Code   RO         7346    i.LQR_gain_init     control_alg.o
    0x08005c58   0x08005c58   0x0000007c   Code   RO         7347    i.LQR_init          control_alg.o
    0x08005cd4   0x08005cd4   0x00000044   Code   RO          368    i.MX_CAN1_Init      can.o
    0x08005d18   0x08005d18   0x00000044   Code   RO          369    i.MX_CAN2_Init      can.o
    0x08005d5c   0x08005d5c   0x00000098   Code   RO          415    i.MX_DMA_Init       dma.o
    0x08005df4   0x08005df4   0x00000098   Code   RO          322    i.MX_FREERTOS_Init  freertos.o
    0x08005e8c   0x08005e8c   0x00000170   Code   RO          298    i.MX_GPIO_Init      gpio.o
    0x08005ffc   0x08005ffc   0x0000003c   Code   RO          441    i.MX_I2C3_Init      i2c.o
    0x08006038   0x08006038   0x00000048   Code   RO          483    i.MX_SPI1_Init      spi.o
    0x08006080   0x08006080   0x0000006c   Code   RO          528    i.MX_TIM10_Init     tim.o
    0x080060ec   0x080060ec   0x00000088   Code   RO          529    i.MX_TIM5_Init      tim.o
    0x08006174   0x08006174   0x00000038   Code   RO          591    i.MX_USART1_UART_Init  usart.o
    0x080061ac   0x080061ac   0x0000003c   Code   RO          592    i.MX_USART3_UART_Init  usart.o
    0x080061e8   0x080061e8   0x00000038   Code   RO          593    i.MX_USART6_UART_Init  usart.o
    0x08006220   0x08006220   0x00000004   Code   RO          653    i.MemManage_Handler  stm32f4xx_it.o
    0x08006224   0x08006224   0x00000002   Code   RO          654    i.NMI_Handler       stm32f4xx_it.o
    0x08006226   0x08006226   0x00000114   Code   RO         7348    i.PID_control       control_alg.o
    0x0800633a   0x0800633a   0x00000002   PAD
    0x0800633c   0x0800633c   0x00000060   Code   RO         7759    i.PID_init          pid.o
    0x0800639c   0x0800639c   0x00000030   Code   RO         7349    i.PID_init_         control_alg.o
    0x080063cc   0x080063cc   0x000000f8   Code   RO         7350    i.PI_controller     control_alg.o
    0x080064c4   0x080064c4   0x00000060   Code   RO         7351    i.PI_gain_init      control_alg.o
    0x08006524   0x08006524   0x0000009c   Code   RO         1030    i.RC_Init           bsp_rc.o
    0x080065c0   0x080065c0   0x00000064   Code   RO         3879    i.SPI_EndRxTxTransaction  stm32f4xx_hal_spi.o
    0x08006624   0x08006624   0x000000d8   Code   RO         3884    i.SPI_WaitFlagStateUntilTimeout  stm32f4xx_hal_spi.o
    0x080066fc   0x080066fc   0x00000014   Code   RO          655    i.SysTick_Handler   stm32f4xx_it.o
    0x08006710   0x08006710   0x000000b4   Code   RO           14    i.SystemClock_Config  main.o
    0x080067c4   0x080067c4   0x00000064   Code   RO          774    i.SystemInit        system_stm32f4xx.o
    0x08006828   0x08006828   0x000000cc   Code   RO         4247    i.TIM_Base_SetConfig  stm32f4xx_hal_tim.o
    0x080068f4   0x080068f4   0x00000070   Code   RO         4260    i.TIM_OC1_SetConfig  stm32f4xx_hal_tim.o
    0x08006964   0x08006964   0x00000078   Code   RO         4261    i.TIM_OC2_SetConfig  stm32f4xx_hal_tim.o
    0x080069dc   0x080069dc   0x00000078   Code   RO         4262    i.TIM_OC3_SetConfig  stm32f4xx_hal_tim.o
    0x08006a54   0x08006a54   0x00000058   Code   RO         4263    i.TIM_OC4_SetConfig  stm32f4xx_hal_tim.o
    0x08006aac   0x08006aac   0x0000004a   Code   RO         5179    i.UART_DMAError     stm32f4xx_hal_uart.o
    0x08006af6   0x08006af6   0x00000084   Code   RO         5180    i.UART_DMAReceiveCplt  stm32f4xx_hal_uart.o
    0x08006b7a   0x08006b7a   0x0000001a   Code   RO         5182    i.UART_DMARxHalfCplt  stm32f4xx_hal_uart.o
    0x08006b94   0x08006b94   0x00000044   Code   RO         5184    i.UART_DMATransmitCplt  stm32f4xx_hal_uart.o
    0x08006bd8   0x08006bd8   0x0000000a   Code   RO         5186    i.UART_DMATxHalfCplt  stm32f4xx_hal_uart.o
    0x08006be2   0x08006be2   0x0000004e   Code   RO         5188    i.UART_EndRxTransfer  stm32f4xx_hal_uart.o
    0x08006c30   0x08006c30   0x0000001c   Code   RO         5190    i.UART_EndTxTransfer  stm32f4xx_hal_uart.o
    0x08006c4c   0x08006c4c   0x000000fc   Code   RO         5192    i.UART_SetConfig    stm32f4xx_hal_uart.o
    0x08006d48   0x08006d48   0x00000094   Code   RO         5193    i.UART_Start_Receive_DMA  stm32f4xx_hal_uart.o
    0x08006ddc   0x08006ddc   0x0000008c   Code   RO         5196    i.UART_WaitOnFlagUntilTimeout  stm32f4xx_hal_uart.o
    0x08006e68   0x08006e68   0x00000150   Code   RO         1497    i.USART3_IRQHandler  remote_control.o
    0x08006fb8   0x08006fb8   0x00000128   Code   RO         1751    i.USART6_IRQHandler  referee_usart_task.o
    0x080070e0   0x080070e0   0x00000004   Code   RO          656    i.UsageFault_Handler  stm32f4xx_it.o
    0x080070e4   0x080070e4   0x00000030   Code   RO         8755    i.__ARM_fpclassify  m_wm.l(fpclassify.o)
    0x08007114   0x08007114   0x00000026   Code   RO         8757    i.__ARM_fpclassifyf  m_wm.l(fpclassifyf.o)
    0x0800713a   0x0800713a   0x00000006   Code   RO         8137    i.__get_PRIMASK     fifo.o
    0x08007140   0x08007140   0x0000012c   Code   RO         8480    i.__hardfp_asinf    m_wm.l(asinf.o)
    0x0800726c   0x0800726c   0x000002ac   Code   RO         8492    i.__hardfp_atan2f   m_wm.l(atan2f.o)
    0x08007518   0x08007518   0x000000c8   Code   RO         8504    i.__hardfp_cos      m_wm.l(cos.o)
    0x080075e0   0x080075e0   0x00000150   Code   RO         8516    i.__hardfp_cosf     m_wm.l(cosf.o)
    0x08007730   0x08007730   0x00000014   Code   RO         8542    i.__hardfp_fabs     m_wm.l(fabs.o)
    0x08007744   0x08007744   0x00000664   Code   RO         8576    i.__hardfp_powf     m_wm.l(powf.o)
    0x08007da8   0x08007da8   0x000000c8   Code   RO         8590    i.__hardfp_sin      m_wm.l(sin.o)
    0x08007e70   0x08007e70   0x00000190   Code   RO         8602    i.__hardfp_sinf     m_wm.l(sinf.o)
    0x08008000   0x08008000   0x00000438   Code   RO         8776    i.__ieee754_rem_pio2  m_wm.l(rred.o)
    0x08008438   0x08008438   0x00000170   Code   RO         8738    i.__kernel_cos      m_wm.l(cos_i.o)
    0x080085a8   0x080085a8   0x000000f8   Code   RO         8773    i.__kernel_poly     m_wm.l(poly.o)
    0x080086a0   0x080086a0   0x00000130   Code   RO         8784    i.__kernel_sin      m_wm.l(sin_i.o)
    0x080087d0   0x080087d0   0x00000014   Code   RO         8742    i.__mathlib_dbl_infnan  m_wm.l(dunder.o)
    0x080087e4   0x080087e4   0x00000004   PAD
    0x080087e8   0x080087e8   0x00000020   Code   RO         8744    i.__mathlib_dbl_invalid  m_wm.l(dunder.o)
    0x08008808   0x08008808   0x00000020   Code   RO         8747    i.__mathlib_dbl_underflow  m_wm.l(dunder.o)
    0x08008828   0x08008828   0x00000014   Code   RO         8759    i.__mathlib_flt_divzero  m_wm.l(funder.o)
    0x0800883c   0x0800883c   0x00000006   Code   RO         8760    i.__mathlib_flt_infnan  m_wm.l(funder.o)
    0x08008842   0x08008842   0x00000006   Code   RO         8761    i.__mathlib_flt_infnan2  m_wm.l(funder.o)
    0x08008848   0x08008848   0x00000010   Code   RO         8762    i.__mathlib_flt_invalid  m_wm.l(funder.o)
    0x08008858   0x08008858   0x00000010   Code   RO         8763    i.__mathlib_flt_overflow  m_wm.l(funder.o)
    0x08008868   0x08008868   0x00000010   Code   RO         8765    i.__mathlib_flt_underflow  m_wm.l(funder.o)
    0x08008878   0x08008878   0x00000154   Code   RO         8781    i.__mathlib_rredf2  m_wm.l(rredf.o)
    0x080089cc   0x080089cc   0x00000006   Code   RO         8138    i.__set_PRIMASK     fifo.o
    0x080089d2   0x080089d2   0x00000002   PAD
    0x080089d4   0x080089d4   0x0000016c   Code   RO         7801    i.bmi088_accel_init  bmi088driver.o
    0x08008b40   0x08008b40   0x00000120   Code   RO         7802    i.bmi088_gyro_init  bmi088driver.o
    0x08008c60   0x08008c60   0x00001390   Code   RO         7172    i.br_chassis_control_loop  br_chassis_control.o
    0x08009ff0   0x08009ff0   0x0000005c   Code   RO          810    i.can_filter_init   bsp_can.o
    0x0800a04c   0x0800a04c   0x000000c0   Code   RO         1429    i.chassis_task      chassis_task.o
    0x0800a10c   0x0800a10c   0x0000009c   Code   RO         1498    i.check_control_mode_change  remote_control.o
    0x0800a1a8   0x0800a1a8   0x00000338   Code   RO         7447    i.check_keyboard_commands_gimbal  control_util.o
    0x0800a4e0   0x0800a4e0   0x00000090   Code   RO         7448    i.check_keyboard_commands_shoot_motors  control_util.o
    0x0800a570   0x0800a570   0x00000194   Code   RO         7449    i.compute_weights_WASD_keys  control_util.o
    0x0800a704   0x0800a704   0x00000050   Code   RO          912    i.delay_us          bsp_delay.o
    0x0800a754   0x0800a754   0x00000034   Code   RO         1800    i.detect_hook       detect_task.o
    0x0800a788   0x0800a788   0x00000018   Code   RO         8544    i.fabs              m_wm.l(fabs.o)
    0x0800a7a0   0x0800a7a0   0x0000003a   Code   RO         8156    i.fifo_s_get        fifo.o
    0x0800a7da   0x0800a7da   0x00000016   Code   RO         8159    i.fifo_s_init       fifo.o
    0x0800a7f0   0x0800a7f0   0x000000a0   Code   RO         8165    i.fifo_s_puts       fifo.o
    0x0800a890   0x0800a890   0x00000006   Code   RO         8167    i.fifo_s_used       fifo.o
    0x0800a896   0x0800a896   0x00000022   Code   RO         7453    i.fir_filter        control_util.o
    0x0800a8b8   0x0800a8b8   0x00000054   Code   RO         7454    i.fir_get           control_util.o
    0x0800a90c   0x0800a90c   0x00000040   Code   RO         7455    i.fir_init          control_util.o
    0x0800a94c   0x0800a94c   0x00000032   Code   RO         7456    i.fir_set           control_util.o
    0x0800a97e   0x0800a97e   0x00000080   Code   RO         1862    i.from_binary_to_float  ai_receive.o
    0x0800a9fe   0x0800a9fe   0x00000002   PAD
    0x0800aa00   0x0800aa00   0x00000034   Code   RO         8078    i.get_CRC16_check_sum  crc8_crc16.o
    0x0800aa34   0x0800aa34   0x00000024   Code   RO         8079    i.get_CRC8_check_sum  crc8_crc16.o
    0x0800aa58   0x0800aa58   0x00000018   Code   RO         1115    i.get_chassis_motor_measures  can_receive.o
    0x0800aa70   0x0800aa70   0x000003c4   Code   RO         1116    i.get_motor_measure  can_receive.o
    0x0800ae34   0x0800ae34   0x00000008   Code   RO         1499    i.get_old_remote_control_point  remote_control.o
    0x0800ae3c   0x0800ae3c   0x00000008   Code   RO         1117    i.get_pitch_gimbal_motor_measures  can_receive.o
    0x0800ae44   0x0800ae44   0x00000008   Code   RO         1500    i.get_remote_control_point  remote_control.o
    0x0800ae4c   0x0800ae4c   0x00000008   Code   RO         1118    i.get_rev_motor_measures  can_receive.o
    0x0800ae54   0x0800ae54   0x00000014   Code   RO         1671    i.get_robot_state   referee.o
    0x0800ae68   0x0800ae68   0x00000018   Code   RO         1119    i.get_shoot_motor_measures  can_receive.o
    0x0800ae80   0x0800ae80   0x00000008   Code   RO         1120    i.get_yaw_gimbal_motor_measures  can_receive.o
    0x0800ae88   0x0800ae88   0x00000038   Code   RO         7244    i.gimbal_control_init  gimbal_control.o
    0x0800aec0   0x0800aec0   0x00000968   Code   RO         7245    i.gimbal_control_loop  gimbal_control.o
    0x0800b828   0x0800b828   0x0000006c   Code   RO         7457    i.gimbal_model_init  control_util.o
    0x0800b894   0x0800b894   0x00000088   Code   RO         1615    i.gimbal_task       gimbal_task.o
    0x0800b91c   0x0800b91c   0x000000b4   Code   RO         1675    i.init_referee_struct_data  referee.o
    0x0800b9d0   0x0800b9d0   0x00000020   Code   RO         1502    i.is_key_falling_edge  remote_control.o
    0x0800b9f0   0x0800b9f0   0x00000016   Code   RO         1503    i.is_key_pressed    remote_control.o
    0x0800ba06   0x0800ba06   0x00000020   Code   RO         1504    i.is_key_raising_edge  remote_control.o
    0x0800ba26   0x0800ba26   0x00000002   Code   RO         7997    i.ist8310_GPIO_init  ist8310driver_middleware.o
    0x0800ba28   0x0800ba28   0x00000028   Code   RO         7999    i.ist8310_IIC_read_single_reg  ist8310driver_middleware.o
    0x0800ba50   0x0800ba50   0x00000028   Code   RO         8001    i.ist8310_IIC_write_single_reg  ist8310driver_middleware.o
    0x0800ba78   0x0800ba78   0x00000014   Code   RO         8002    i.ist8310_RST_H     ist8310driver_middleware.o
    0x0800ba8c   0x0800ba8c   0x00000014   Code   RO         8003    i.ist8310_RST_L     ist8310driver_middleware.o
    0x0800baa0   0x0800baa0   0x00000002   Code   RO         8004    i.ist8310_com_init  ist8310driver_middleware.o
    0x0800baa2   0x0800baa2   0x0000000c   Code   RO         8005    i.ist8310_delay_ms  ist8310driver_middleware.o
    0x0800baae   0x0800baae   0x00000002   PAD
    0x0800bab0   0x0800bab0   0x00000094   Code   RO         7962    i.ist8310_init      ist8310driver.o
    0x0800bb44   0x0800bb44   0x0000005c   Code   RO           15    i.main              main.o
    0x0800bba0   0x0800bba0   0x0000000c   Code   RO         6295    i.makeFreeRtosPriority  cmsis_os.o
    0x0800bbac   0x0800bbac   0x00000078   Code   RO         7636    i.mat_mult          math_util.o
    0x0800bc24   0x0800bc24   0x0000001a   Code   RO         7637    i.max               math_util.o
    0x0800bc3e   0x0800bc3e   0x0000001a   Code   RO         7639    i.min               math_util.o
    0x0800bc58   0x0800bc58   0x00000010   Code   RO         6297    i.osDelay           cmsis_os.o
    0x0800bc68   0x0800bc68   0x0000000a   Code   RO         6300    i.osKernelStart     cmsis_os.o
    0x0800bc72   0x0800bc72   0x0000005c   Code   RO         6334    i.osThreadCreate    cmsis_os.o
    0x0800bcce   0x0800bcce   0x00000002   PAD
    0x0800bcd0   0x0800bcd0   0x00000078   Code   RO         5966    i.prvAddCurrentTaskToDelayedList  tasks.o
    0x0800bd48   0x0800bd48   0x00000088   Code   RO         5967    i.prvAddNewTaskToReadyList  tasks.o
    0x0800bdd0   0x0800bdd0   0x00000040   Code   RO         5968    i.prvCheckTasksWaitingTermination  tasks.o
    0x0800be10   0x0800be10   0x00000040   Code   RO         5969    i.prvDeleteTCB      tasks.o
    0x0800be50   0x0800be50   0x0000004c   Code   RO         6662    i.prvHeapInit       heap_4.o
    0x0800be9c   0x0800be9c   0x00000028   Code   RO         5970    i.prvIdleTask       tasks.o
    0x0800bec4   0x0800bec4   0x0000007e   Code   RO         5971    i.prvInitialiseNewTask  tasks.o
    0x0800bf42   0x0800bf42   0x00000002   PAD
    0x0800bf44   0x0800bf44   0x00000060   Code   RO         5972    i.prvInitialiseTaskLists  tasks.o
    0x0800bfa4   0x0800bfa4   0x0000005c   Code   RO         6663    i.prvInsertBlockIntoFreeList  heap_4.o
    0x0800c000   0x0800c000   0x00000024   Code   RO         5973    i.prvResetNextTaskUnblockTime  tasks.o
    0x0800c024   0x0800c024   0x00000030   Code   RO         6730    i.prvTaskExitError  port.o
    0x0800c054   0x0800c054   0x000000e8   Code   RO         6664    i.pvPortMalloc      heap_4.o
    0x0800c13c   0x0800c13c   0x0000002c   Code   RO         6731    i.pxPortInitialiseStack  port.o
    0x0800c168   0x0800c168   0x00000174   Code   RO         7640    i.range_lin_prop    math_util.o
    0x0800c2dc   0x0800c2dc   0x0000007c   Code   RO         7355    i.ref_error_state   control_alg.o
    0x0800c358   0x0800c358   0x00000178   Code   RO         1676    i.referee_data_solve  referee.o
    0x0800c4d0   0x0800c4d0   0x0000014c   Code   RO         1752    i.referee_unpack_fifo_data  referee_usart_task.o
    0x0800c61c   0x0800c61c   0x00000038   Code   RO         1753    i.referee_usart_task  referee_usart_task.o
    0x0800c654   0x0800c654   0x00000014   Code   RO         1505    i.remote_control_init  remote_control.o
    0x0800c668   0x0800c668   0x0000003c   Code   RO         7460    i.reset_integr_error_if_overshoot  control_util.o
    0x0800c6a4   0x0800c6a4   0x00000364   Code   RO         7281    i.rev_control       shoot_rev_control.o
    0x0800ca08   0x0800ca08   0x00000014   Code   RO         7282    i.rev_control_init  shoot_rev_control.o
    0x0800ca1c   0x0800ca1c   0x00000064   Code   RO         7461    i.rev_model_init    control_util.o
    0x0800ca80   0x0800ca80   0x000000c0   Code   RO         7462    i.robot_init        control_util.o
    0x0800cb40   0x0800cb40   0x0000006c   Code   RO         7463    i.saturate          control_util.o
    0x0800cbac   0x0800cbac   0x00000078   Code   RO         7464    i.save_prev_robot_state  control_util.o
    0x0800cc24   0x0800cc24   0x00000124   Code   RO         1506    i.sbus_to_rc        remote_control.o
    0x0800cd48   0x0800cd48   0x00000238   Code   RO         7283    i.shoot_control     shoot_rev_control.o
    0x0800cf80   0x0800cf80   0x00000014   Code   RO         7284    i.shoot_control_init  shoot_rev_control.o
    0x0800cf94   0x0800cf94   0x00000064   Code   RO         7468    i.shoot_model_init  control_util.o
    0x0800cff8   0x0800cff8   0x0000005c   Code   RO         7285    i.shoot_rev_control_loop  shoot_rev_control.o
    0x0800d054   0x0800d054   0x00000090   Code   RO         1639    i.shooting_task     shooting_task.o
    0x0800d0e4   0x0800d0e4   0x00000058   Code   RO         7642    i.sign_zero_undef   math_util.o
    0x0800d13c   0x0800d13c   0x0000003e   Code   RO         8628    i.sqrtf             m_wm.l(sqrtf.o)
    0x0800d17a   0x0800d17a   0x00000002   PAD
    0x0800d17c   0x0800d17c   0x00000170   Code   RO         7471    i.update_mouse_position_gimbal  control_util.o
    0x0800d2ec   0x0800d2ec   0x00000138   Code   RO         1071    i.usart6_init       bsp_usart.o
    0x0800d424   0x0800d424   0x00000026   Code   RO         5598    i.uxListRemove      list.o
    0x0800d44a   0x0800d44a   0x00000002   PAD
    0x0800d44c   0x0800d44c   0x00000018   Code   RO          323    i.vApplicationGetIdleTaskMemory  freertos.o
    0x0800d464   0x0800d464   0x00000016   Code   RO         5599    i.vListInitialise   list.o
    0x0800d47a   0x0800d47a   0x00000006   Code   RO         5600    i.vListInitialiseItem  list.o
    0x0800d480   0x0800d480   0x00000036   Code   RO         5601    i.vListInsert       list.o
    0x0800d4b6   0x0800d4b6   0x00000018   Code   RO         5602    i.vListInsertEnd    list.o
    0x0800d4ce   0x0800d4ce   0x00000002   PAD
    0x0800d4d0   0x0800d4d0   0x00000040   Code   RO         6733    i.vPortEnterCritical  port.o
    0x0800d510   0x0800d510   0x0000002c   Code   RO         6734    i.vPortExitCritical  port.o
    0x0800d53c   0x0800d53c   0x00000064   Code   RO         6665    i.vPortFree         heap_4.o
    0x0800d5a0   0x0800d5a0   0x00000024   Code   RO         6735    i.vPortSetupTimerInterrupt  port.o
    0x0800d5c4   0x0800d5c4   0x00000050   Code   RO         5982    i.vTaskDelay        tasks.o
    0x0800d614   0x0800d614   0x00000088   Code   RO         5995    i.vTaskStartScheduler  tasks.o
    0x0800d69c   0x0800d69c   0x00000010   Code   RO         5997    i.vTaskSuspendAll   tasks.o
    0x0800d6ac   0x0800d6ac   0x00000060   Code   RO         5998    i.vTaskSwitchContext  tasks.o
    0x0800d70c   0x0800d70c   0x00000040   Code   RO         8080    i.verify_CRC16_check_sum  crc8_crc16.o
    0x0800d74c   0x0800d74c   0x0000002e   Code   RO         8081    i.verify_CRC8_check_sum  crc8_crc16.o
    0x0800d77a   0x0800d77a   0x00000002   PAD
    0x0800d77c   0x0800d77c   0x00000104   Code   RO         6737    i.xPortStartScheduler  port.o
    0x0800d880   0x0800d880   0x0000002c   Code   RO         6738    i.xPortSysTickHandler  port.o
    0x0800d8ac   0x0800d8ac   0x0000006c   Code   RO         6001    i.xTaskCreate       tasks.o
    0x0800d918   0x0800d918   0x00000060   Code   RO         6002    i.xTaskCreateStatic  tasks.o
    0x0800d978   0x0800d978   0x0000001c   Code   RO         6006    i.xTaskGetSchedulerState  tasks.o
    0x0800d994   0x0800d994   0x0000000c   Code   RO         6007    i.xTaskGetTickCount  tasks.o
    0x0800d9a0   0x0800d9a0   0x000000d4   Code   RO         6009    i.xTaskIncrementTick  tasks.o
    0x0800da74   0x0800da74   0x000000cc   Code   RO         6015    i.xTaskResumeAll    tasks.o
    0x0800db40   0x0800db40   0x00000018   Code   RO         8719    x$fpl$basic         fz_wm.l(basic.o)
    0x0800db58   0x0800db58   0x00000062   Code   RO         8446    x$fpl$d2f           fz_wm.l(d2f.o)
    0x0800dbba   0x0800dbba   0x00000002   PAD
    0x0800dbbc   0x0800dbbc   0x00000150   Code   RO         8448    x$fpl$dadd          fz_wm.l(daddsub_clz.o)
    0x0800dd0c   0x0800dd0c   0x00000018   Code   RO         8721    x$fpl$dcmpinf       fz_wm.l(dcmpi.o)
    0x0800dd24   0x0800dd24   0x000002b0   Code   RO         8455    x$fpl$ddiv          fz_wm.l(ddiv.o)
    0x0800dfd4   0x0800dfd4   0x00000078   Code   RO         8458    x$fpl$deqf          fz_wm.l(deqf.o)
    0x0800e04c   0x0800e04c   0x0000005e   Code   RO         8460    x$fpl$dfix          fz_wm.l(dfix.o)
    0x0800e0aa   0x0800e0aa   0x0000002e   Code   RO         8465    x$fpl$dflt          fz_wm.l(dflt_clz.o)
    0x0800e0d8   0x0800e0d8   0x00000026   Code   RO         8464    x$fpl$dfltu         fz_wm.l(dflt_clz.o)
    0x0800e0fe   0x0800e0fe   0x00000002   PAD
    0x0800e100   0x0800e100   0x00000078   Code   RO         8470    x$fpl$dleqf         fz_wm.l(dleqf.o)
    0x0800e178   0x0800e178   0x00000154   Code   RO         8472    x$fpl$dmul          fz_wm.l(dmul.o)
    0x0800e2cc   0x0800e2cc   0x0000009c   Code   RO         8723    x$fpl$dnaninf       fz_wm.l(dnaninf.o)
    0x0800e368   0x0800e368   0x0000000c   Code   RO         8725    x$fpl$dretinf       fz_wm.l(dretinf.o)
    0x0800e374   0x0800e374   0x0000006c   Code   RO         8474    x$fpl$drleqf        fz_wm.l(drleqf.o)
    0x0800e3e0   0x0800e3e0   0x00000016   Code   RO         8449    x$fpl$drsb          fz_wm.l(daddsub_clz.o)
    0x0800e3f6   0x0800e3f6   0x00000002   PAD
    0x0800e3f8   0x0800e3f8   0x000001d4   Code   RO         8450    x$fpl$dsub          fz_wm.l(daddsub_clz.o)
    0x0800e5cc   0x0800e5cc   0x00000056   Code   RO         8476    x$fpl$f2d           fz_wm.l(f2d.o)
    0x0800e622   0x0800e622   0x00000060   Code   RO         8478    x$fpl$ffltll        fz_wm.l(ffltll_clz.o)
    0x0800e682   0x0800e682   0x0000008c   Code   RO         8729    x$fpl$fnaninf       fz_wm.l(fnaninf.o)
    0x0800e70e   0x0800e70e   0x0000000a   Code   RO         8836    x$fpl$fpinit        fz_wm.l(fpinit.o)
    0x0800e718   0x0800e718   0x0000000a   Code   RO         8731    x$fpl$fretinf       fz_wm.l(fretinf.o)
    0x0800e722   0x0800e722   0x00000000   Code   RO         8737    x$fpl$usenofp       fz_wm.l(usenofp.o)
    0x0800e722   0x0800e722   0x00000002   PAD
    0x0800e724   0x0800e724   0x0000008c   Data   RO          325    .constdata          freertos.o
    0x0800e7b0   0x0800e7b0   0x00000018   Data   RO          775    .constdata          system_stm32f4xx.o
    0x0800e7c8   0x0800e7c8   0x0000007c   Data   RO         1316    .constdata          ins_task.o
    0x0800e844   0x0800e844   0x00000008   Data   RO         2687    .constdata          stm32f4xx_hal_dma.o
    0x0800e84c   0x0800e84c   0x00000020   Data   RO         6910    .constdata          fusionahrs.o
    0x0800e86c   0x0800e86c   0x0000000c   Data   RO         7965    .constdata          ist8310driver.o
    0x0800e878   0x0800e878   0x00000302   Data   RO         8082    .constdata          crc8_crc16.o
    0x0800eb7a   0x0800eb7a   0x00000002   PAD
    0x0800eb7c   0x0800eb7c   0x00000140   Data   RO         8579    .constdata          m_wm.l(powf.o)
    0x0800ecbc   0x0800ecbc   0x00000004   PAD
    0x0800ecc0   0x0800ecc0   0x00000030   Data   RO         8739    .constdata          m_wm.l(cos_i.o)
    0x0800ecf0   0x0800ecf0   0x000000c8   Data   RO         8778    .constdata          m_wm.l(rred.o)
    0x0800edb8   0x0800edb8   0x00000020   Data   RO         8782    .constdata          m_wm.l(rredf.o)
    0x0800edd8   0x0800edd8   0x00000028   Data   RO         8785    .constdata          m_wm.l(sin_i.o)
    0x0800ee00   0x0800ee00   0x00000038   Data   RO          326    .conststring        freertos.o
    0x0800ee38   0x0800ee38   0x00000020   Data   RO         8931    Region$$Table       anon$$obj.o


    Execution Region RW_IRAM1 (Exec base: 0x20000000, Load base: 0x0800ee58, Size: 0x0000b8d8, Max: 0x00020000, ABSOLUTE, COMPRESSED[0x00000238])

    Exec Addr    Load Addr    Size         Type   Attr      Idx    E Section Name        Object

    0x20000000   COMPRESSED   0x00000018   Data   RW          327    .data               freertos.o
    0x20000018   COMPRESSED   0x00000004   Data   RW          371    .data               can.o
    0x2000001c   COMPRESSED   0x00000004   Data   RW          776    .data               system_stm32f4xx.o
    0x20000020   COMPRESSED   0x00000008   Data   RW          913    .data               bsp_delay.o
    0x20000028   COMPRESSED   0x0000003d   Data   RW         1122    .data               can_receive.o
    0x20000065   COMPRESSED   0x00000003   PAD
    0x20000068   COMPRESSED   0x00000069   Data   RW         1317    .data               ins_task.o
    0x200000d1   COMPRESSED   0x00000003   PAD
    0x200000d4   COMPRESSED   0x00000014   Data   RW         1430    .data               chassis_task.o
    0x200000e8   COMPRESSED   0x00000007   Data   RW         1511    .data               remote_control.o
    0x200000ef   COMPRESSED   0x00000001   PAD
    0x200000f0   COMPRESSED   0x00000018   Data   RW         1640    .data               shooting_task.o
    0x20000108   COMPRESSED   0x0000002b   Data   RW         1678    .data               referee.o
    0x20000133   COMPRESSED   0x00000001   PAD
    0x20000134   COMPRESSED   0x00000002   Data   RW         1755    .data               referee_usart_task.o
    0x20000136   COMPRESSED   0x00000001   Data   RW         1867    .data               ai_receive.o
    0x20000137   COMPRESSED   0x00000001   PAD
    0x20000138   COMPRESSED   0x0000000c   Data   RW         3109    .data               stm32f4xx_hal.o
    0x20000144   COMPRESSED   0x0000003c   Data   RW         6018    .data               tasks.o
    0x20000180   COMPRESSED   0x00000020   Data   RW         6671    .data               heap_4.o
    0x200001a0   COMPRESSED   0x0000000c   Data   RW         6739    .data               port.o
    0x200001ac   COMPRESSED   0x00000168   Data   RW         7174    .data               br_chassis_control.o
    0x20000314   COMPRESSED   0x0000027c   Data   RW         7247    .data               gimbal_control.o
    0x20000590   COMPRESSED   0x00000070   Data   RW         7287    .data               shoot_rev_control.o
    0x20000600   COMPRESSED   0x00000044   Data   RW         7474    .data               control_util.o
    0x20000644   COMPRESSED   0x0000002f   Data   RW         7803    .data               bmi088driver.o
    0x20000673   COMPRESSED   0x00000001   PAD
    0x20000674   COMPRESSED   0x00000002   Data   RW         8083    .data               crc8_crc16.o
    0x20000676   COMPRESSED   0x00000002   PAD
    0x20000678        -       0x00000254   Zero   RW          324    .bss                freertos.o
    0x200008cc        -       0x00000050   Zero   RW          370    .bss                can.o
    0x2000091c        -       0x00000054   Zero   RW          442    .bss                i2c.o
    0x20000970        -       0x00000058   Zero   RW          484    .bss                spi.o
    0x200009c8        -       0x00000090   Zero   RW          530    .bss                tim.o
    0x20000a58        -       0x000002ac   Zero   RW          594    .bss                usart.o
    0x20000d04        -       0x0000013e   Zero   RW         1121    .bss                can_receive.o
    0x20000e42   COMPRESSED   0x00000002   PAD
    0x20000e44        -       0x000001b4   Zero   RW         1315    .bss                ins_task.o
    0x20000ff8        -       0x00000097   Zero   RW         1510    .bss                remote_control.o
    0x2000108f        -       0x00000066   Zero   RW         1677    .bss                referee.o
    0x200010f5   COMPRESSED   0x00000003   PAD
    0x200010f8        -       0x000008a1   Zero   RW         1754    .bss                referee_usart_task.o
    0x20001999        -       0x000000a8   Zero   RW         1805    .bss                detect_task.o
    0x20001a41   COMPRESSED   0x00000003   PAD
    0x20001a44        -       0x0000001c   Zero   RW         1866    .bss                ai_receive.o
    0x20001a60        -       0x000000f0   Zero   RW         6017    .bss                tasks.o
    0x20001b50        -       0x00004268   Zero   RW         6670    .bss                heap_4.o
    0x20005db8        -       0x00002434   Zero   RW         7173    .bss                br_chassis_control.o
    0x200081ec        -       0x00002fb0   Zero   RW         7246    .bss                gimbal_control.o
    0x2000b19c        -       0x000000dc   Zero   RW         7286    .bss                shoot_rev_control.o
    0x2000b278        -       0x00000060   Zero   RW         8793    .bss                c_w.l(libspace.o)
    0x2000b2d8        -       0x00000200   Zero   RW            2    HEAP                startup_stm32f407xx.o
    0x2000b4d8        -       0x00000400   Zero   RW            1    STACK               startup_stm32f407xx.o


==============================================================================

Image component sizes


      Code (inc. data)   RO Data    RW Data    ZI Data      Debug   Object Name

       288         22          0          1         28       3437   ai_receive.o
      1142         34          0         47          0       6808   bmi088driver.o
       140         28          0          0          0       5168   bmi088middleware.o
      5008        580          0        360       9268       6011   br_chassis_control.o
        92          8          0          0          0     593626   bsp_can.o
        80          4          0          8          0        951   bsp_delay.o
       156         14          0          0          0       1094   bsp_rc.o
       312         26          0          0          0       1291   bsp_usart.o
       488         44          0          4         80       2602   can.o
      1412        184          0         61        318     610941   can_receive.o
       192         30          0         20          0       1154   chassis_task.o
       130          0          0          0          0      23467   cmsis_os.o
      2204        156          0          0          0       9201   control_alg.o
      2760        214          0         68          0      15412   control_util.o
       198         16        770          2          0       3985   crc8_crc16.o
        52          6          0          0        168       1688   detect_task.o
       152          6          0          0          0        898   dma.o
         0          0          0          0          0      15600   event_groups.o
       258          0          0          0          0      10523   fifo.o
       176         36        196         24        596       2504   freertos.o
      3018         42         32          0          0      17318   fusionahrs.o
       586         18          0          0          0       5728   fusioncompass.o
       504         10          0          0          0       5405   fusionoffset.o
      2464        338          0        636      12208       9538   gimbal_control.o
       136         14          0          0          0        614   gimbal_task.o
       368         22          0          0          0       1183   gpio.o
       500         30          0         32      17000       7875   heap_4.o
       260         30          0          0         84       1857   i2c.o
      2450        204        124        105        436      15250   ins_task.o
       148          6         12          0          0       2107   ist8310driver.o
       136         22          0          0          0       4279   ist8310driver_middleware.o
       144          0          0          0          0       3854   list.o
       274         20          0          0          0     764933   main.o
       632         12          0          0          0       4478   math_util.o
        96          4          0          0          0       1879   pid.o
       730         82          0         12          0      11592   port.o
       576        138          0         43        102       8921   referee.o
       684         50          0          2       2209       4208   referee_usart_task.o
       906         56          0          7        151      10498   remote_control.o
      1568        160          0        112        220       8295   shoot_rev_control.o
       144          8          0         24          0       1282   shooting_task.o
       268         26          0          0         88       1877   spi.o
        64         26        392          0       1536        888   startup_stm32f407xx.o
       148         24          0         12          0       9069   stm32f4xx_hal.o
      2004          6          0          0          0      15835   stm32f4xx_hal_can.o
       244         16          0          0          0      34637   stm32f4xx_hal_cortex.o
      1074         18          8          0          0       6275   stm32f4xx_hal_dma.o
       574         22          0          0          0       2496   stm32f4xx_hal_gpio.o
      2796         48          0          0          0      14150   stm32f4xx_hal_i2c.o
        84          6          0          0          0        918   stm32f4xx_hal_msp.o
      1722        104          0          0          0       6820   stm32f4xx_hal_rcc.o
      1010         14          0          0          0       5049   stm32f4xx_hal_spi.o
      1044         46          0          0          0       7144   stm32f4xx_hal_tim.o
       154          0          0          0          0       1488   stm32f4xx_hal_tim_ex.o
      1474         30          0          0          0      15276   stm32f4xx_hal_uart.o
       152         42          0          0          0       7305   stm32f4xx_it.o
       100         18         24          4          0       1283   system_stm32f4xx.o
      1670        152          0         60        240      22770   tasks.o
       524         52          0          0        144       3841   tim.o
       996         92          0          0        684       3791   usart.o

    ----------------------------------------------------------------------
     47714       3416       1592       1656      45568    2368367   Object Totals
         0          0         32          0          0          0   (incl. Generated)
        48          0          2         12          8          0   (incl. Padding)

    ----------------------------------------------------------------------

      Code (inc. data)   RO Data    RW Data    ZI Data      Debug   Library Member Name

        90          0          0          0          0          0   __dczerorl2.o
         8          0          0          0          0         68   __main.o
         0          0          0          0          0          0   __rtentry.o
        12          0          0          0          0          0   __rtentry2.o
         6          0          0          0          0          0   __rtentry4.o
        52          8          0          0          0          0   __scatter.o
        28          0          0          0          0          0   __scatter_zi.o
        22          0          0          0          0        100   _rserrno.o
        10          0          0          0          0         68   defsig_exit.o
        50          0          0          0          0         88   defsig_general.o
        80         58          0          0          0         76   defsig_rtmem_inner.o
        14          0          0          0          0         80   defsig_rtmem_outer.o
        18          0          0          0          0         80   exit.o
        94          0          0          0          0         80   h1_alloc.o
        52          0          0          0          0         68   h1_extend.o
        78          0          0          0          0         80   h1_free.o
        14          0          0          0          0         84   h1_init.o
         6          0          0          0          0        152   heapauxi.o
         4          0          0          0          0        136   hguard.o
         0          0          0          0          0          0   indicate_semi.o
       138          0          0          0          0        168   init_alloc.o
         2          0          0          0          0          0   libinit.o
        14          0          0          0          0          0   libinit2.o
         2          0          0          0          0          0   libshutdown.o
         2          0          0          0          0          0   libshutdown2.o
         8          4          0          0         96         68   libspace.o
       238          0          0          0          0        100   lludivv7m.o
         0          0          0          0          0          0   maybetermalloc1.o
         8          4          0          0          0         68   rt_errno_addr_intlibspace.o
         8          4          0          0          0         68   rt_heap_descriptor_intlibspace.o
        68          0          0          0          0         68   rt_memclr.o
        78          0          0          0          0         80   rt_memclr_w.o
       138          0          0          0          0         68   rt_memcpy_v6.o
       100          0          0          0          0         80   rt_memcpy_w.o
         2          0          0          0          0          0   rtexit.o
        10          0          0          0          0          0   rtexit2.o
        12          4          0          0          0         68   sys_exit.o
        74          0          0          0          0         80   sys_stackheap_outer.o
        14          0          0          0          0         76   sys_wrch.o
         2          0          0          0          0         68   use_no_semi.o
        24          0          0          0          0        164   basic.o
        98          4          0          0          0        140   d2f.o
       826         16          0          0          0        492   daddsub_clz.o
        24          0          0          0          0        116   dcmpi.o
       688        140          0          0          0        256   ddiv.o
       120          4          0          0          0        140   deqf.o
        94          4          0          0          0        140   dfix.o
        84          0          0          0          0        232   dflt_clz.o
       120          4          0          0          0        140   dleqf.o
       340         12          0          0          0        152   dmul.o
       156          4          0          0          0        140   dnaninf.o
        12          0          0          0          0        116   dretinf.o
       108          0          0          0          0        128   drleqf.o
        86          4          0          0          0        132   f2d.o
        96          0          0          0          0        132   ffltll_clz.o
       140          4          0          0          0        132   fnaninf.o
        10          0          0          0          0        116   fpinit.o
        10          0          0          0          0        116   fretinf.o
         0          0          0          0          0          0   usenofp.o
       300         42          0          0          0        176   asinf.o
       684         90          0          0          0        208   atan2f.o
       200         20          0          0          0        164   cos.o
       368         46         48          0          0        200   cos_i.o
       336         56          0          0          0        136   cosf.o
        84         16          0          0          0        372   dunder.o
        44          0          0          0          0        248   fabs.o
        48          0          0          0          0        124   fpclassify.o
        38          0          0          0          0        116   fpclassifyf.o
        80         24          0          0          0        696   funder.o
       248          0          0          0          0        152   poly.o
      1636        110        320          0          0        372   powf.o
      1080        142        200          0          0        188   rred.o
       340         24         32          0          0        160   rredf.o
       200         20          0          0          0        164   sin.o
       304         24         40          0          0        208   sin_i.o
       400         56          0          0          0        212   sinf.o
        62          0          0          0          0        136   sqrtf.o

    ----------------------------------------------------------------------
     11066        948        644          0         96       9236   Library Totals
        22          0          4          0          0          0   (incl. Padding)

    ----------------------------------------------------------------------

      Code (inc. data)   RO Data    RW Data    ZI Data      Debug   Library Name

      1556         82          0          0         96       2220   c_w.l
      3036        196          0          0          0       2984   fz_wm.l
      6452        670        640          0          0       4032   m_wm.l

    ----------------------------------------------------------------------
     11066        948        644          0         96       9236   Library Totals

    ----------------------------------------------------------------------

==============================================================================


      Code (inc. data)   RO Data    RW Data    ZI Data      Debug   

     58780       4364       2236       1656      45664    2343807   Grand Totals
     58780       4364       2236        568      45664    2343807   ELF Image Totals (compressed)
     58780       4364       2236        568          0          0   ROM Totals

==============================================================================

    Total RO  Size (Code + RO Data)                61016 (  59.59kB)
    Total RW  Size (RW Data + ZI Data)             47320 (  46.21kB)
    Total ROM Size (Code + RO Data + RW Data)      61584 (  60.14kB)

==============================================================================

